Archive member included to satisfy reference by file (symbol)

c:/st/stm32cubeide_1.9.0/stm32cubeide/plugins/com.st.stm32cube.ide.mcu.externaltools.gnu-tools-for-stm32.10.3-2021.10.win32_1.0.0.202111181127/tools/bin/../lib/gcc/arm-none-eabi/10.3.1/../../../../arm-none-eabi/lib/thumb/v7e-m+fp/hard\libc_nano.a(lib_a-errno.o)
                              ./Core/Src/syscalls.o (__errno)
c:/st/stm32cubeide_1.9.0/stm32cubeide/plugins/com.st.stm32cube.ide.mcu.externaltools.gnu-tools-for-stm32.10.3-2021.10.win32_1.0.0.202111181127/tools/bin/../lib/gcc/arm-none-eabi/10.3.1/../../../../arm-none-eabi/lib/thumb/v7e-m+fp/hard\libc_nano.a(lib_a-exit.o)
                              c:/st/stm32cubeide_1.9.0/stm32cubeide/plugins/com.st.stm32cube.ide.mcu.externaltools.gnu-tools-for-stm32.10.3-2021.10.win32_1.0.0.202111181127/tools/bin/../lib/gcc/arm-none-eabi/10.3.1/../../../../arm-none-eabi/lib/thumb/v7e-m+fp/hard/crt0.o (exit)
c:/st/stm32cubeide_1.9.0/stm32cubeide/plugins/com.st.stm32cube.ide.mcu.externaltools.gnu-tools-for-stm32.10.3-2021.10.win32_1.0.0.202111181127/tools/bin/../lib/gcc/arm-none-eabi/10.3.1/../../../../arm-none-eabi/lib/thumb/v7e-m+fp/hard\libc_nano.a(lib_a-impure.o)
                              c:/st/stm32cubeide_1.9.0/stm32cubeide/plugins/com.st.stm32cube.ide.mcu.externaltools.gnu-tools-for-stm32.10.3-2021.10.win32_1.0.0.202111181127/tools/bin/../lib/gcc/arm-none-eabi/10.3.1/../../../../arm-none-eabi/lib/thumb/v7e-m+fp/hard\libc_nano.a(lib_a-exit.o) (_global_impure_ptr)
c:/st/stm32cubeide_1.9.0/stm32cubeide/plugins/com.st.stm32cube.ide.mcu.externaltools.gnu-tools-for-stm32.10.3-2021.10.win32_1.0.0.202111181127/tools/bin/../lib/gcc/arm-none-eabi/10.3.1/../../../../arm-none-eabi/lib/thumb/v7e-m+fp/hard\libc_nano.a(lib_a-init.o)
                              c:/st/stm32cubeide_1.9.0/stm32cubeide/plugins/com.st.stm32cube.ide.mcu.externaltools.gnu-tools-for-stm32.10.3-2021.10.win32_1.0.0.202111181127/tools/bin/../lib/gcc/arm-none-eabi/10.3.1/../../../../arm-none-eabi/lib/thumb/v7e-m+fp/hard/crt0.o (__libc_init_array)
c:/st/stm32cubeide_1.9.0/stm32cubeide/plugins/com.st.stm32cube.ide.mcu.externaltools.gnu-tools-for-stm32.10.3-2021.10.win32_1.0.0.202111181127/tools/bin/../lib/gcc/arm-none-eabi/10.3.1/../../../../arm-none-eabi/lib/thumb/v7e-m+fp/hard\libc_nano.a(lib_a-memset.o)
                              c:/st/stm32cubeide_1.9.0/stm32cubeide/plugins/com.st.stm32cube.ide.mcu.externaltools.gnu-tools-for-stm32.10.3-2021.10.win32_1.0.0.202111181127/tools/bin/../lib/gcc/arm-none-eabi/10.3.1/../../../../arm-none-eabi/lib/thumb/v7e-m+fp/hard/crt0.o (memset)
c:/st/stm32cubeide_1.9.0/stm32cubeide/plugins/com.st.stm32cube.ide.mcu.externaltools.gnu-tools-for-stm32.10.3-2021.10.win32_1.0.0.202111181127/tools/bin/../lib/gcc/arm-none-eabi/10.3.1/../../../../arm-none-eabi/lib/thumb/v7e-m+fp/hard\libc_nano.a(lib_a-sprintf.o)
                              ./Drivers/hw_drivers/bluetooth_drivers/bluetooth_driver.o (sprintf)
c:/st/stm32cubeide_1.9.0/stm32cubeide/plugins/com.st.stm32cube.ide.mcu.externaltools.gnu-tools-for-stm32.10.3-2021.10.win32_1.0.0.202111181127/tools/bin/../lib/gcc/arm-none-eabi/10.3.1/../../../../arm-none-eabi/lib/thumb/v7e-m+fp/hard\libc_nano.a(lib_a-strlen.o)
                              ./Drivers/hw_drivers/bluetooth_drivers/bluetooth_driver.o (strlen)
c:/st/stm32cubeide_1.9.0/stm32cubeide/plugins/com.st.stm32cube.ide.mcu.externaltools.gnu-tools-for-stm32.10.3-2021.10.win32_1.0.0.202111181127/tools/bin/../lib/gcc/arm-none-eabi/10.3.1/../../../../arm-none-eabi/lib/thumb/v7e-m+fp/hard\libc_nano.a(lib_a-nano-svfprintf.o)
                              c:/st/stm32cubeide_1.9.0/stm32cubeide/plugins/com.st.stm32cube.ide.mcu.externaltools.gnu-tools-for-stm32.10.3-2021.10.win32_1.0.0.202111181127/tools/bin/../lib/gcc/arm-none-eabi/10.3.1/../../../../arm-none-eabi/lib/thumb/v7e-m+fp/hard\libc_nano.a(lib_a-sprintf.o) (_svfprintf_r)
c:/st/stm32cubeide_1.9.0/stm32cubeide/plugins/com.st.stm32cube.ide.mcu.externaltools.gnu-tools-for-stm32.10.3-2021.10.win32_1.0.0.202111181127/tools/bin/../lib/gcc/arm-none-eabi/10.3.1/../../../../arm-none-eabi/lib/thumb/v7e-m+fp/hard\libc_nano.a(lib_a-nano-vfprintf_i.o)
                              c:/st/stm32cubeide_1.9.0/stm32cubeide/plugins/com.st.stm32cube.ide.mcu.externaltools.gnu-tools-for-stm32.10.3-2021.10.win32_1.0.0.202111181127/tools/bin/../lib/gcc/arm-none-eabi/10.3.1/../../../../arm-none-eabi/lib/thumb/v7e-m+fp/hard\libc_nano.a(lib_a-nano-svfprintf.o) (_printf_i)
c:/st/stm32cubeide_1.9.0/stm32cubeide/plugins/com.st.stm32cube.ide.mcu.externaltools.gnu-tools-for-stm32.10.3-2021.10.win32_1.0.0.202111181127/tools/bin/../lib/gcc/arm-none-eabi/10.3.1/../../../../arm-none-eabi/lib/thumb/v7e-m+fp/hard\libc_nano.a(lib_a-memchr.o)
[...]
Memory Configuration

Name             Origin             Length             Attributes
RAM              0x0000000020000000 0x0000000000018000 xrw
FLASH            0x0000000008000000 0x0000000000080000 xr
*default*        0x0000000000000000 0xffffffffffffffff

Linker script and memory map

LOAD c:/st/stm32cubeide_1.9.0/stm32cubeide/plugins/com.st.stm32cube.ide.mcu.externaltools.gnu-tools-for-stm32.10.3-2021.10.win32_1.0.0.202111181127/tools/bin/../lib/gcc/arm-none-eabi/10.3.1/thumb/v7e-m+fp/hard/crti.o
LOAD c:/st/stm32cubeide_1.9.0/stm32cubeide/plugins/com.st.stm32cube.ide.mcu.externaltools.gnu-tools-for-stm32.10.3-2021.10.win32_1.0.0.202111181127/tools/bin/../lib/gcc/arm-none-eabi/10.3.1/thumb/v7e-m+fp/hard/crtbegin.o
LOAD c:/st/stm32cubeide_1.9.0/stm32cubeide/plugins/com.st.stm32cube.ide.mcu.externaltools.gnu-tools-for-stm32.10.3-2021.10.win32_1.0.0.202111181127/tools/bin/../lib/gcc/arm-none-eabi/10.3.1/../../../../arm-none-eabi/lib/thumb/v7e-m+fp/hard/crt0.o
LOAD ./Core/Src/main.o
LOAD ./Core/Src/stm32f4xx_hal_msp.o
LOAD ./Core/Src/stm32f4xx_it.o
LOAD ./Core/Src/syscalls.o
LOAD ./Core/Src/sysmem.o
LOAD ./Core/Src/system_stm32f4xx.o
LOAD ./Core/Startup/startup_stm32f401retx.o
LOAD ./Drivers/STM32F4xx_HAL_Driver/Src/stm32f4xx_hal.o
LOAD ./Drivers/STM32F4xx_HAL_Driver/Src/stm32f4xx_hal_adc.o
LOAD ./Drivers/STM32F4xx_HAL_Driver/Src/stm32f4xx_hal_adc_ex.o
LOAD ./Drivers/STM32F4xx_HAL_Driver/Src/stm32f4xx_hal_cortex.o
LOAD ./Drivers/STM32F4xx_HAL_Driver/Src/stm32f4xx_hal_dma.o
LOAD ./Drivers/STM32F4xx_HAL_Driver/Src/stm32f4xx_hal_dma_ex.o
LOAD ./Drivers/STM32F4xx_HAL_Driver/Src/stm32f4xx_hal_exti.o
LOAD ./Drivers/STM32F4xx_HAL_Driver/Src/stm32f4xx_hal_flash.o
LOAD ./Drivers/STM32F4xx_HAL_Driver/Src/stm32f4xx_hal_flash_ex.o
LOAD ./Drivers/STM32F4xx_HAL_Driver/Src/stm32f4xx_hal_flash_ramfunc.o
LOAD ./Drivers/STM32F4xx_HAL_Driver/Src/stm32f4xx_hal_gpio.o
LOAD ./Drivers/STM32F4xx_HAL_Driver/Src/stm32f4xx_hal_pwr.o
LOAD ./Drivers/STM32F4xx_HAL_Driver/Src/stm32f4xx_hal_pwr_ex.o
LOAD ./Drivers/STM32F4xx_HAL_Driver/Src/stm32f4xx_hal_rcc.o
LOAD ./Drivers/STM32F4xx_HAL_Driver/Src/stm32f4xx_hal_rcc_ex.o
LOAD ./Drivers/STM32F4xx_HAL_Driver/Src/stm32f4xx_hal_tim.o
LOAD ./Drivers/STM32F4xx_HAL_Driver/Src/stm32f4xx_hal_tim_ex.o
LOAD ./Drivers/STM32F4xx_HAL_Driver/Src/stm32f4xx_hal_uart.o
LOAD ./Drivers/STM32F4xx_HAL_Driver/Src/stm32f4xx_ll_adc.o
LOAD ./Drivers/hw_drivers/bluetooth_drivers/bluetooth_driver.o
LOAD ./Drivers/hw_drivers/lcd_drivers/LCD16x2.o
LOAD ./Drivers/hw_drivers/lcd_drivers/LCD16x2_cfg.o
LOAD ./Drivers/hw_drivers/npk_drivers/npk_driver.o
LOAD ./Drivers/hw_drivers/util/DWT_Delay.o
START GROUP
LOAD c:/st/stm32cubeide_1.9.0/stm32cubeide/plugins/com.st.stm32cube.ide.mcu.externaltools.gnu-tools-for-stm32.10.3-2021.10.win32_1.0.0.202111181127/tools/bin/../lib/gcc/arm-none-eabi/10.3.1/../../../../arm-none-eabi/lib/thumb/v7e-m+fp/hard\libc_nano.a
LOAD c:/st/stm32cubeide_1.9.0/stm32cubeide/plugins/com.st.stm32cube.ide.mcu.externaltools.gnu-tools-for-stm32.10.3-2021.10.win32_1.0.0.202111181127/tools/bin/../lib/gcc/arm-none-eabi/10.3.1/../../../../arm-none-eabi/lib/thumb/v7e-m+fp/hard\libm.a
END GROUP
START GROUP
LOAD c:/st/stm32cubeide_1.9.0/stm32cubeide/plugins/com.st.stm32cube.ide.mcu.externaltools.gnu-tools-for-stm32.10.3-2021.10.win32_1.0.0.202111181127/tools/bin/../lib/gcc/arm-none-eabi/10.3.1/thumb/v7e-m+fp/hard\libgcc.a
LOAD c:/st/stm32cubeide_1.9.0/stm32cubeide/plugins/com.st.stm32cube.ide.mcu.externaltools.gnu-tools-for-stm32.10.3-2021.10.win32_1.0.0.202111181127/tools/bin/../lib/gcc/arm-none-eabi/10.3.1/../../../../arm-none-eabi/lib/thumb/v7e-m+fp/hard\libc_nano.a
END GROUP
START GROUP
LOAD c:/st/stm32cubeide_1.9.0/stm32cubeide/plugins/com.st.stm32cube.ide.mcu.externaltools.gnu-tools-for-stm32.10.3-2021.10.win32_1.0.0.202111181127/tools/bin/../lib/gcc/arm-none-eabi/10.3.1/thumb/v7e-m+fp/hard\libgcc.a
LOAD c:/st/stm32cubeide_1.9.0/stm32cubeide/plugins/com.st.stm32cube.ide.mcu.externaltools.gnu-tools-for-stm32.10.3-2021.10.win32_1.0.0.202111181127/tools/bin/../lib/gcc/arm-none-eabi/10.3.1/../../../../arm-none-eabi/lib/thumb/v7e-m+fp/hard\libc_nano.a
LOAD c:/st/stm32cubeide_1.9.0/stm32cubeide/plugins/com.st.stm32cube.ide.mcu.externaltools.gnu-tools-for-stm32.10.3-2021.10.win32_1.0.0.202111181127/tools/bin/../lib/gcc/arm-none-eabi/10.3.1/../../../../arm-none-eabi/lib/thumb/v7e-m+fp/hard\libnosys.a
END GROUP
START GROUP
LOAD c:/st/stm32cubeide_1.9.0/stm32cubeide/plugins/com.st.stm32cube.ide.mcu.externaltools.gnu-tools-for-stm32.10.3-2021.10.win32_1.0.0.202111181127/tools/bin/../lib/gcc/arm-none-eabi/10.3.1/thumb/v7e-m+fp/hard\libgcc.a
LOAD c:/st/stm32cubeide_1.9.0/stm32cubeide/plugins/com.st.stm32cube.ide.mcu.externaltools.gnu-tools-for-stm32.10.3-2021.10.win32_1.0.0.202111181127/tools/bin/../lib/gcc/arm-none-eabi/10.3.1/../../../../arm-none-eabi/lib/thumb/v7e-m+fp/hard\libc_nano.a
LOAD c:/st/stm32cubeide_1.9.0/stm32cubeide/plugins/com.st.stm32cube.ide.mcu.externaltools.gnu-tools-for-stm32.10.3-2021.10.win32_1.0.0.202111181127/tools/bin/../lib/gcc/arm-none-eabi/10.3.1/../../../../arm-none-eabi/lib/thumb/v7e-m+fp/hard\libnosys.a
END GROUP
LOAD c:/st/stm32cubeide_1.9.0/stm32cubeide/plugins/com.st.stm32cube.ide.mcu.externaltools.gnu-tools-for-stm32.10.3-2021.10.win32_1.0.0.202111181127/tools/bin/../lib/gcc/arm-none-eabi/10.3.1/thumb/v7e-m+fp/hard/crtend.o
LOAD c:/st/stm32cubeide_1.9.0/stm32cubeide/plugins/com.st.stm32cube.ide.mcu.externaltools.gnu-tools-for-stm32.10.3-2021.10.win32_1.0.0.202111181127/tools/bin/../lib/gcc/arm-none-eabi/10.3.1/thumb/v7e-m+fp/hard/crtn.o
                0x0000000020018000                _estack = (ORIGIN (RAM) + LENGTH (RAM))
                0x0000000000000200                _Min_Heap_Size = 0x200
                0x0000000000000400                _Min_Stack_Size = 0x400

.isr_vector     0x0000000008000000      0x194
                0x0000000008000000                . = ALIGN (0x4)
 *(.isr_vector)
 .isr_vector    0x0000000008000000      0x194 ./Core/Startup/startup_stm32f401retx.o
                0x0000000008000000                g_pfnVectors
                0x0000000008000194                . = ALIGN (0x4)

.text           0x00000000080001a0     0x528c
                0x00000000080001a0                . = ALIGN (0x4)
 *(.text)
 .text          0x00000000080001a0       0x40 c:/st/stm32cubeide_1.9.0/stm32cubeide/plugins/com.st.stm32cube.ide.mcu.externaltools.gnu-tools-for-stm32.10.3-2021.10.win32_1.0.0.202111181127/tools/bin/../lib/gcc/arm-none-eabi/10.3.1/thumb/v7e-m+fp/hard/crtbegin.o
 .text          0x00000000080001e0       0x10 c:/st/stm32cubeide_1.9.0/stm32cubeide/plugins/com.st.stm32cube.ide.mcu.externaltools.gnu-tools-for-stm32.10.3-2021.10.win32_1.0.0.202111181127/tools/bin/../lib/gcc/arm-none-eabi/10.3.1/../../../../arm-none-eabi/lib/thumb/v7e-m+fp/hard\libc_nano.a(lib_a-strlen.o)
                0x00000000080001e0                strlen
 .text          0x00000000080001f0       0xa0 c:/st/stm32cubeide_1.9.0/stm32cubeide/plugins/com.st.stm32cube.ide.mcu.externaltools.gnu-tools-for-stm32.10.3-2021.10.win32_1.0.0.202111181127/tools/bin/../lib/gcc/arm-none-eabi/10.3.1/../../../../arm-none-eabi/lib/thumb/v7e-m+fp/hard\libc_nano.a(lib_a-memchr.o)
                0x00000000080001f0                memchr
 .text          0x0000000008000290       0x30 c:/st/stm32cubeide_1.9.0/stm32cubeide/plugins/com.st.stm32cube.ide.mcu.externaltools.gnu-tools-for-stm32.10.3-2021.10.win32_1.0.0.202111181127/tools/bin/../lib/gcc/arm-none-eabi/10.3.1/thumb/v7e-m+fp/hard\libgcc.a(_aeabi_uldivmod.o)
                0x0000000008000290                __aeabi_uldivmod
 .text          0x00000000080002c0      0x2d0 c:/st/stm32cubeide_1.9.0/stm32cubeide/plugins/com.st.stm32cube.ide.mcu.externaltools.gnu-tools-for-stm32.10.3-2021.10.win32_1.0.0.202111181127/tools/bin/../lib/gcc/arm-none-eabi/10.3.1/thumb/v7e-m+fp/hard\libgcc.a(_udivmoddi4.o)
                0x00000000080002c0                __udivmoddi4
 .text          0x0000000008000590        0x4 c:/st/stm32cubeide_1.9.0/stm32cubeide/plugins/com.st.stm32cube.ide.mcu.externaltools.gnu-tools-for-stm32.10.3-2021.10.win32_1.0.0.202111181127/tools/bin/../lib/gcc/arm-none-eabi/10.3.1/thumb/v7e-m+fp/hard\libgcc.a(_dvmd_tls.o)
                0x0000000008000590                __aeabi_idiv0
                0x0000000008000590                __aeabi_ldiv0
 *(.text*)
 .text.main     0x0000000008000594      0x21c ./Core/Src/main.o
                0x0000000008000594                main
 .text.SystemClock_Config
                0x00000000080007b0       0xd8 ./Core/Src/main.o
                0x00000000080007b0                SystemClock_Config
 .text.MX_ADC1_Init
                0x0000000008000888       0xc0 ./Core/Src/main.o
 .text.MX_USART1_UART_Init
                0x0000000008000948       0x54 ./Core/Src/main.o
 .text.MX_USART2_UART_Init
                0x000000000800099c       0x54 ./Core/Src/main.o
 .text.MX_USART6_UART_Init
                0x00000000080009f0       0x54 ./Core/Src/main.o
 .text.MX_DMA_Init
                0x0000000008000a44       0x60 ./Core/Src/main.o
 .text.MX_GPIO_Init
                0x0000000008000aa4      0x108 ./Core/Src/main.o
 .text.Error_Handler
                0x0000000008000bac        0xa ./Core/Src/main.o
                0x0000000008000bac                Error_Handler
 *fill*         0x0000000008000bb6        0x2 
 .text.HAL_MspInit
                0x0000000008000bb8       0x50 ./Core/Src/stm32f4xx_hal_msp.o
                0x0000000008000bb8                HAL_MspInit
 .text.HAL_ADC_MspInit
                0x0000000008000c08       0xf0 ./Core/Src/stm32f4xx_hal_msp.o
                0x0000000008000c08                HAL_ADC_MspInit
 .text.HAL_UART_MspInit
                0x0000000008000cf8      0x240 ./Core/Src/stm32f4xx_hal_msp.o
                0x0000000008000cf8                HAL_UART_MspInit
 .text.NMI_Handler
                0x0000000008000f38        0x6 ./Core/Src/stm32f4xx_it.o
                0x0000000008000f38                NMI_Handler
 .text.HardFault_Handler
                0x0000000008000f3e        0x6 ./Core/Src/stm32f4xx_it.o
                0x0000000008000f3e                HardFault_Handler
 .text.MemManage_Handler
                0x0000000008000f44        0x6 ./Core/Src/stm32f4xx_it.o
                0x0000000008000f44                MemManage_Handler
 .text.BusFault_Handler
                0x0000000008000f4a        0x6 ./Core/Src/stm32f4xx_it.o
                0x0000000008000f4a                BusFault_Handler
 .text.UsageFault_Handler
                0x0000000008000f50        0x6 ./Core/Src/stm32f4xx_it.o
                0x0000000008000f50                UsageFault_Handler
 .text.SVC_Handler
                0x0000000008000f56        0xe ./Core/Src/stm32f4xx_it.o
                0x0000000008000f56                SVC_Handler
 .text.DebugMon_Handler
                0x0000000008000f64        0xe ./Core/Src/stm32f4xx_it.o
                0x0000000008000f64                DebugMon_Handler
 .text.PendSV_Handler
                0x0000000008000f72        0xe ./Core/Src/stm32f4xx_it.o
                0x0000000008000f72                PendSV_Handler
 .text.SysTick_Handler
                0x0000000008000f80        0xc ./Core/Src/stm32f4xx_it.o
                0x0000000008000f80                SysTick_Handler
 .text.DMA2_Stream0_IRQHandler
                0x0000000008000f8c       0x14 ./Core/Src/stm32f4xx_it.o
                0x0000000008000f8c                DMA2_Stream0_IRQHandler
 .text.DMA2_Stream1_IRQHandler
                0x0000000008000fa0       0x14 ./Core/Src/stm32f4xx_it.o
                0x0000000008000fa0                DMA2_Stream1_IRQHandler
 .text.DMA2_Stream6_IRQHandler
                0x0000000008000fb4       0x14 ./Core/Src/stm32f4xx_it.o
                0x0000000008000fb4                DMA2_Stream6_IRQHandler
 .text.USART6_IRQHandler
                0x0000000008000fc8       0x14 ./Core/Src/stm32f4xx_it.o
                0x0000000008000fc8                USART6_IRQHandler
 .text._sbrk    0x0000000008000fdc       0x6c ./Core/Src/sysmem.o
                0x0000000008000fdc                _sbrk
 .text.SystemInit
                0x0000000008001048       0x24 ./Core/Src/system_stm32f4xx.o
                0x0000000008001048                SystemInit
 .text.Reset_Handler
                0x000000000800106c       0x50 ./Core/Startup/startup_stm32f401retx.o
                0x000000000800106c                Reset_Handler
 .text.Default_Handler
                0x00000000080010bc        0x2 ./Core/Startup/startup_stm32f401retx.o
                0x00000000080010bc                RTC_Alarm_IRQHandler
                0x00000000080010bc                EXTI2_IRQHandler
                0x00000000080010bc                SPI4_IRQHandler
                0x00000000080010bc                TIM1_CC_IRQHandler
                0x00000000080010bc                DMA2_Stream5_IRQHandler
                0x00000000080010bc                DMA1_Stream5_IRQHandler
                0x00000000080010bc                PVD_IRQHandler
                0x00000000080010bc                SDIO_IRQHandler
                0x00000000080010bc                TAMP_STAMP_IRQHandler
                0x00000000080010bc                EXTI3_IRQHandler
                0x00000000080010bc                TIM1_UP_TIM10_IRQHandler
                0x00000000080010bc                I2C3_ER_IRQHandler
                0x00000000080010bc                EXTI0_IRQHandler
                0x00000000080010bc                I2C2_EV_IRQHandler
                0x00000000080010bc                DMA1_Stream2_IRQHandler
                0x00000000080010bc                FPU_IRQHandler
                0x00000000080010bc                DMA2_Stream2_IRQHandler
                0x00000000080010bc                SPI1_IRQHandler
                0x00000000080010bc                TIM1_BRK_TIM9_IRQHandler
                0x00000000080010bc                DMA2_Stream3_IRQHandler
                0x00000000080010bc                TIM4_IRQHandler
                0x00000000080010bc                I2C1_EV_IRQHandler
                0x00000000080010bc                DMA1_Stream6_IRQHandler
                0x00000000080010bc                DMA1_Stream1_IRQHandler
                0x00000000080010bc                TIM3_IRQHandler
                0x00000000080010bc                RCC_IRQHandler
                0x00000000080010bc                Default_Handler
                0x00000000080010bc                EXTI15_10_IRQHandler
                0x00000000080010bc                ADC_IRQHandler
                0x00000000080010bc                DMA1_Stream7_IRQHandler
                0x00000000080010bc                TIM5_IRQHandler
                0x00000000080010bc                DMA2_Stream7_IRQHandler
                0x00000000080010bc                I2C3_EV_IRQHandler
                0x00000000080010bc                EXTI9_5_IRQHandler
                0x00000000080010bc                RTC_WKUP_IRQHandler
                0x00000000080010bc                SPI2_IRQHandler
                0x00000000080010bc                DMA1_Stream0_IRQHandler
                0x00000000080010bc                EXTI4_IRQHandler
                0x00000000080010bc                WWDG_IRQHandler
                0x00000000080010bc                TIM2_IRQHandler
                0x00000000080010bc                OTG_FS_WKUP_IRQHandler
                0x00000000080010bc                TIM1_TRG_COM_TIM11_IRQHandler
                0x00000000080010bc                EXTI1_IRQHandler
                0x00000000080010bc                USART2_IRQHandler
                0x00000000080010bc                I2C2_ER_IRQHandler
                0x00000000080010bc                FLASH_IRQHandler
                0x00000000080010bc                DMA2_Stream4_IRQHandler
                0x00000000080010bc                USART1_IRQHandler
                0x00000000080010bc                OTG_FS_IRQHandler
                0x00000000080010bc                SPI3_IRQHandler
                0x00000000080010bc                DMA1_Stream4_IRQHandler
                0x00000000080010bc                I2C1_ER_IRQHandler
                0x00000000080010bc                DMA1_Stream3_IRQHandler
 *fill*         0x00000000080010be        0x2 
 .text.HAL_Init
                0x00000000080010c0       0x44 ./Drivers/STM32F4xx_HAL_Driver/Src/stm32f4xx_hal.o
                0x00000000080010c0                HAL_Init
 .text.HAL_InitTick
                0x0000000008001104       0x60 ./Drivers/STM32F4xx_HAL_Driver/Src/stm32f4xx_hal.o
                0x0000000008001104                HAL_InitTick
 .text.HAL_IncTick
                0x0000000008001164       0x28 ./Drivers/STM32F4xx_HAL_Driver/Src/stm32f4xx_hal.o
                0x0000000008001164                HAL_IncTick
 .text.HAL_GetTick
                0x000000000800118c       0x18 ./Drivers/STM32F4xx_HAL_Driver/Src/stm32f4xx_hal.o
                0x000000000800118c                HAL_GetTick
 .text.HAL_Delay
                0x00000000080011a4       0x48 ./Drivers/STM32F4xx_HAL_Driver/Src/stm32f4xx_hal.o
                0x00000000080011a4                HAL_Delay
 .text.HAL_ADC_Init
                0x00000000080011ec       0x86 ./Drivers/STM32F4xx_HAL_Driver/Src/stm32f4xx_hal_adc.o
                0x00000000080011ec                HAL_ADC_Init
 *fill*         0x0000000008001272        0x2 
 .text.HAL_ADC_Start_DMA
                0x0000000008001274      0x1e0 ./Drivers/STM32F4xx_HAL_Driver/Src/stm32f4xx_hal_adc.o
                0x0000000008001274                HAL_ADC_Start_DMA
 .text.HAL_ADC_ConvCpltCallback
                0x0000000008001454       0x14 ./Drivers/STM32F4xx_HAL_Driver/Src/stm32f4xx_hal_adc.o
                0x0000000008001454                HAL_ADC_ConvCpltCallback
 .text.HAL_ADC_ConvHalfCpltCallback
                0x0000000008001468       0x14 ./Drivers/STM32F4xx_HAL_Driver/Src/stm32f4xx_hal_adc.o
                0x0000000008001468                HAL_ADC_ConvHalfCpltCallback
 .text.HAL_ADC_ErrorCallback
                0x000000000800147c       0x14 ./Drivers/STM32F4xx_HAL_Driver/Src/stm32f4xx_hal_adc.o
                0x000000000800147c                HAL_ADC_ErrorCallback
 .text.HAL_ADC_ConfigChannel
                0x0000000008001490      0x244 ./Drivers/STM32F4xx_HAL_Driver/Src/stm32f4xx_hal_adc.o
                0x0000000008001490                HAL_ADC_ConfigChannel
 .text.ADC_Init
                0x00000000080016d4      0x1f8 ./Drivers/STM32F4xx_HAL_Driver/Src/stm32f4xx_hal_adc.o
 .text.ADC_DMAConvCplt
                0x00000000080018cc       0xba ./Drivers/STM32F4xx_HAL_Driver/Src/stm32f4xx_hal_adc.o
 .text.ADC_DMAHalfConvCplt
                0x0000000008001986       0x1c ./Drivers/STM32F4xx_HAL_Driver/Src/stm32f4xx_hal_adc.o
 .text.ADC_DMAError
                0x00000000080019a2       0x2e ./Drivers/STM32F4xx_HAL_Driver/Src/stm32f4xx_hal_adc.o
 .text.__NVIC_SetPriorityGrouping
                0x00000000080019d0       0x48 ./Drivers/STM32F4xx_HAL_Driver/Src/stm32f4xx_hal_cortex.o
 .text.__NVIC_GetPriorityGrouping
                0x0000000008001a18       0x1c ./Drivers/STM32F4xx_HAL_Driver/Src/stm32f4xx_hal_cortex.o
 .text.__NVIC_EnableIRQ
                0x0000000008001a34       0x3c ./Drivers/STM32F4xx_HAL_Driver/Src/stm32f4xx_hal_cortex.o
 .text.__NVIC_SetPriority
                0x0000000008001a70       0x54 ./Drivers/STM32F4xx_HAL_Driver/Src/stm32f4xx_hal_cortex.o
 .text.NVIC_EncodePriority
                0x0000000008001ac4       0x66 ./Drivers/STM32F4xx_HAL_Driver/Src/stm32f4xx_hal_cortex.o
 *fill*         0x0000000008001b2a        0x2 
 .text.SysTick_Config
                0x0000000008001b2c       0x44 ./Drivers/STM32F4xx_HAL_Driver/Src/stm32f4xx_hal_cortex.o
 .text.HAL_NVIC_SetPriorityGrouping
                0x0000000008001b70       0x16 ./Drivers/STM32F4xx_HAL_Driver/Src/stm32f4xx_hal_cortex.o
                0x0000000008001b70                HAL_NVIC_SetPriorityGrouping
 .text.HAL_NVIC_SetPriority
                0x0000000008001b86       0x38 ./Drivers/STM32F4xx_HAL_Driver/Src/stm32f4xx_hal_cortex.o
                0x0000000008001b86                HAL_NVIC_SetPriority
 .text.HAL_NVIC_EnableIRQ
                0x0000000008001bbe       0x1c ./Drivers/STM32F4xx_HAL_Driver/Src/stm32f4xx_hal_cortex.o
                0x0000000008001bbe                HAL_NVIC_EnableIRQ
 .text.HAL_SYSTICK_Config
                0x0000000008001bda       0x18 ./Drivers/STM32F4xx_HAL_Driver/Src/stm32f4xx_hal_cortex.o
                0x0000000008001bda                HAL_SYSTICK_Config
 *fill*         0x0000000008001bf2        0x2 
 .text.HAL_DMA_Init
                0x0000000008001bf4      0x15c ./Drivers/STM32F4xx_HAL_Driver/Src/stm32f4xx_hal_dma.o
                0x0000000008001bf4                HAL_DMA_Init
 .text.HAL_DMA_Start_IT
                0x0000000008001d50       0xb0 ./Drivers/STM32F4xx_HAL_Driver/Src/stm32f4xx_hal_dma.o
                0x0000000008001d50                HAL_DMA_Start_IT
 .text.HAL_DMA_Abort
                0x0000000008001e00       0xe0 ./Drivers/STM32F4xx_HAL_Driver/Src/stm32f4xx_hal_dma.o
                0x0000000008001e00                HAL_DMA_Abort
 .text.HAL_DMA_Abort_IT
                0x0000000008001ee0       0x44 ./Drivers/STM32F4xx_HAL_Driver/Src/stm32f4xx_hal_dma.o
                0x0000000008001ee0                HAL_DMA_Abort_IT
 .text.HAL_DMA_IRQHandler
                0x0000000008001f24      0x314 ./Drivers/STM32F4xx_HAL_Driver/Src/stm32f4xx_hal_dma.o
                0x0000000008001f24                HAL_DMA_IRQHandler
 .text.DMA_SetConfig
                0x0000000008002238       0x5c ./Drivers/STM32F4xx_HAL_Driver/Src/stm32f4xx_hal_dma.o
 .text.DMA_CalcBaseAndBitshift
                0x0000000008002294       0x6c ./Drivers/STM32F4xx_HAL_Driver/Src/stm32f4xx_hal_dma.o
 .text.DMA_CheckFifoParam
                0x0000000008002300       0xf8 ./Drivers/STM32F4xx_HAL_Driver/Src/stm32f4xx_hal_dma.o
 .text.HAL_GPIO_Init
                0x00000000080023f8      0x308 ./Drivers/STM32F4xx_HAL_Driver/Src/stm32f4xx_hal_gpio.o
                0x00000000080023f8                HAL_GPIO_Init
 .text.HAL_GPIO_WritePin
                0x0000000008002700       0x32 ./Drivers/STM32F4xx_HAL_Driver/Src/stm32f4xx_hal_gpio.o
                0x0000000008002700                HAL_GPIO_WritePin
 *fill*         0x0000000008002732        0x2 
 .text.HAL_RCC_OscConfig
                0x0000000008002734      0x4f0 ./Drivers/STM32F4xx_HAL_Driver/Src/stm32f4xx_hal_rcc.o
                0x0000000008002734                HAL_RCC_OscConfig
 .text.HAL_RCC_ClockConfig
                0x0000000008002c24      0x1cc ./Drivers/STM32F4xx_HAL_Driver/Src/stm32f4xx_hal_rcc.o
                0x0000000008002c24                HAL_RCC_ClockConfig
 .text.HAL_RCC_GetSysClockFreq
                0x0000000008002df0      0x20c ./Drivers/STM32F4xx_HAL_Driver/Src/stm32f4xx_hal_rcc.o
                0x0000000008002df0                HAL_RCC_GetSysClockFreq
 .text.HAL_RCC_GetHCLKFreq
                0x0000000008002ffc       0x18 ./Drivers/STM32F4xx_HAL_Driver/Src/stm32f4xx_hal_rcc.o
                0x0000000008002ffc                HAL_RCC_GetHCLKFreq
 .text.HAL_RCC_GetPCLK1Freq
                0x0000000008003014       0x28 ./Drivers/STM32F4xx_HAL_Driver/Src/stm32f4xx_hal_rcc.o
                0x0000000008003014                HAL_RCC_GetPCLK1Freq
 .text.HAL_RCC_GetPCLK2Freq
                0x000000000800303c       0x28 ./Drivers/STM32F4xx_HAL_Driver/Src/stm32f4xx_hal_rcc.o
                0x000000000800303c                HAL_RCC_GetPCLK2Freq
 .text.HAL_UART_Init
                0x0000000008003064       0x9a ./Drivers/STM32F4xx_HAL_Driver/Src/stm32f4xx_hal_uart.o
                0x0000000008003064                HAL_UART_Init
 .text.HAL_UART_Transmit
                0x00000000080030fe      0x124 ./Drivers/STM32F4xx_HAL_Driver/Src/stm32f4xx_hal_uart.o
                0x00000000080030fe                HAL_UART_Transmit
 .text.HAL_UART_Receive
                0x0000000008003222      0x144 ./Drivers/STM32F4xx_HAL_Driver/Src/stm32f4xx_hal_uart.o
                0x0000000008003222                HAL_UART_Receive
 *fill*         0x0000000008003366        0x2 
 .text.HAL_UART_IRQHandler
                0x0000000008003368      0x51c ./Drivers/STM32F4xx_HAL_Driver/Src/stm32f4xx_hal_uart.o
                0x0000000008003368                HAL_UART_IRQHandler
 .text.HAL_UART_TxCpltCallback
                0x0000000008003884       0x14 ./Drivers/STM32F4xx_HAL_Driver/Src/stm32f4xx_hal_uart.o
                0x0000000008003884                HAL_UART_TxCpltCallback
 .text.HAL_UART_RxCpltCallback
                0x0000000008003898       0x14 ./Drivers/STM32F4xx_HAL_Driver/Src/stm32f4xx_hal_uart.o
                0x0000000008003898                HAL_UART_RxCpltCallback
 .text.HAL_UART_ErrorCallback
                0x00000000080038ac       0x14 ./Drivers/STM32F4xx_HAL_Driver/Src/stm32f4xx_hal_uart.o
                0x00000000080038ac                HAL_UART_ErrorCallback
 .text.HAL_UARTEx_RxEventCallback
                0x00000000080038c0       0x18 ./Drivers/STM32F4xx_HAL_Driver/Src/stm32f4xx_hal_uart.o
                0x00000000080038c0                HAL_UARTEx_RxEventCallback
 .text.UART_WaitOnFlagUntilTimeout
                0x00000000080038d8       0xdc ./Drivers/STM32F4xx_HAL_Driver/Src/stm32f4xx_hal_uart.o
 .text.UART_EndRxTransfer
                0x00000000080039b4       0xc6 ./Drivers/STM32F4xx_HAL_Driver/Src/stm32f4xx_hal_uart.o
 .text.UART_DMAAbortOnError
                0x0000000008003a7a       0x28 ./Drivers/STM32F4xx_HAL_Driver/Src/stm32f4xx_hal_uart.o
 .text.UART_Transmit_IT
                0x0000000008003aa2       0xa0 ./Drivers/STM32F4xx_HAL_Driver/Src/stm32f4xx_hal_uart.o
 .text.UART_EndTransmit_IT
                0x0000000008003b42       0x30 ./Drivers/STM32F4xx_HAL_Driver/Src/stm32f4xx_hal_uart.o
 .text.UART_Receive_IT
                0x0000000008003b72      0x176 ./Drivers/STM32F4xx_HAL_Driver/Src/stm32f4xx_hal_uart.o
 .text.UART_SetConfig
                0x0000000008003ce8      0x4e8 ./Drivers/STM32F4xx_HAL_Driver/Src/stm32f4xx_hal_uart.o
 .text.send_nitro_data_to_bluetooth
                0x00000000080041d0       0x5c ./Drivers/hw_drivers/bluetooth_drivers/bluetooth_driver.o
                0x00000000080041d0                send_nitro_data_to_bluetooth
 .text.send_phos_data_to_bluetooth
                0x000000000800422c       0x5c ./Drivers/hw_drivers/bluetooth_drivers/bluetooth_driver.o
                0x000000000800422c                send_phos_data_to_bluetooth
 .text.send_pota_data_to_bluetooth
                0x0000000008004288       0x5c ./Drivers/hw_drivers/bluetooth_drivers/bluetooth_driver.o
                0x0000000008004288                send_pota_data_to_bluetooth
 .text.send_hum_data_to_bluetooth
                0x00000000080042e4       0x40 ./Drivers/hw_drivers/bluetooth_drivers/bluetooth_driver.o
                0x00000000080042e4                send_hum_data_to_bluetooth
 .text.DWT_Delay_us
                0x0000000008004324       0x50 ./Drivers/hw_drivers/lcd_drivers/LCD16x2.o
 .text.DWT_Delay_ms
                0x0000000008004374       0x4c ./Drivers/hw_drivers/lcd_drivers/LCD16x2.o
 .text.LCD_DATA
                0x00000000080043c0       0xc8 ./Drivers/hw_drivers/lcd_drivers/LCD16x2.o
                0x00000000080043c0                LCD_DATA
 .text.LCD_CMD  0x0000000008004488       0x64 ./Drivers/hw_drivers/lcd_drivers/LCD16x2.o
                0x0000000008004488                LCD_CMD
 .text.LCD_Clear
                0x00000000080044ec       0x14 ./Drivers/hw_drivers/lcd_drivers/LCD16x2.o
                0x00000000080044ec                LCD_Clear
 .text.LCD_Set_Cursor
                0x0000000008004500       0x72 ./Drivers/hw_drivers/lcd_drivers/LCD16x2.o
                0x0000000008004500                LCD_Set_Cursor
 *fill*         0x0000000008004572        0x2 
 .text.LCD_Init
                0x0000000008004574      0x204 ./Drivers/hw_drivers/lcd_drivers/LCD16x2.o
                0x0000000008004574                LCD_Init
 .text.LCD_Write_Char
                0x0000000008004778       0xb4 ./Drivers/hw_drivers/lcd_drivers/LCD16x2.o
                0x0000000008004778                LCD_Write_Char
 .text.LCD_Write_String
                0x000000000800482c       0x38 ./Drivers/hw_drivers/lcd_drivers/LCD16x2.o
                0x000000000800482c                LCD_Write_String
 .text.get_nitrogen_data
                0x0000000008004864       0xb0 ./Drivers/hw_drivers/npk_drivers/npk_driver.o
                0x0000000008004864                get_nitrogen_data
 .text.get_phosphorous_data
                0x0000000008004914       0xb0 ./Drivers/hw_drivers/npk_drivers/npk_driver.o
                0x0000000008004914                get_phosphorous_data
 .text.get_potassium_data
                0x00000000080049c4       0xb0 ./Drivers/hw_drivers/npk_drivers/npk_driver.o
                0x00000000080049c4                get_potassium_data
 .text.DWT_Delay_Init
                0x0000000008004a74       0x60 ./Drivers/hw_drivers/util/DWT_Delay.o
                0x0000000008004a74                DWT_Delay_Init
 .text.__errno  0x0000000008004ad4        0xc c:/st/stm32cubeide_1.9.0/stm32cubeide/plugins/com.st.stm32cube.ide.mcu.externaltools.gnu-tools-for-stm32.10.3-2021.10.win32_1.0.0.202111181127/tools/bin/../lib/gcc/arm-none-eabi/10.3.1/../../../../arm-none-eabi/lib/thumb/v7e-m+fp/hard\libc_nano.a(lib_a-errno.o)
                0x0000000008004ad4                __errno
 .text.__libc_init_array
                0x0000000008004ae0       0x48 c:/st/stm32cubeide_1.9.0/stm32cubeide/plugins/com.st.stm32cube.ide.mcu.externaltools.gnu-tools-for-stm32.10.3-2021.10.win32_1.0.0.202111181127/tools/bin/../lib/gcc/arm-none-eabi/10.3.1/../../../../arm-none-eabi/lib/thumb/v7e-m+fp/hard\libc_nano.a(lib_a-init.o)
                0x0000000008004ae0                __libc_init_array
 .text.memset   0x0000000008004b28       0x10 c:/st/stm32cubeide_1.9.0/stm32cubeide/plugins/com.st.stm32cube.ide.mcu.externaltools.gnu-tools-for-stm32.10.3-2021.10.win32_1.0.0.202111181127/tools/bin/../lib/gcc/arm-none-eabi/10.3.1/../../../../arm-none-eabi/lib/thumb/v7e-m+fp/hard\libc_nano.a(lib_a-memset.o)
                0x0000000008004b28                memset
 .text.sprintf  0x0000000008004b38       0x40 c:/st/stm32cubeide_1.9.0/stm32cubeide/plugins/com.st.stm32cube.ide.mcu.externaltools.gnu-tools-for-stm32.10.3-2021.10.win32_1.0.0.202111181127/tools/bin/../lib/gcc/arm-none-eabi/10.3.1/../../../../arm-none-eabi/lib/thumb/v7e-m+fp/hard\libc_nano.a(lib_a-sprintf.o)
                0x0000000008004b38                siprintf
                0x0000000008004b38                sprintf
 .text.__ssputs_r
                0x0000000008004b78       0xb6 c:/st/stm32cubeide_1.9.0/stm32cubeide/plugins/com.st.stm32cube.ide.mcu.externaltools.gnu-tools-for-stm32.10.3-2021.10.win32_1.0.0.202111181127/tools/bin/../lib/gcc/arm-none-eabi/10.3.1/../../../../arm-none-eabi/lib/thumb/v7e-m+fp/hard\libc_nano.a(lib_a-nano-svfprintf.o)
                0x0000000008004b78                __ssputs_r
 *fill*         0x0000000008004c2e        0x2 
 .text._svfprintf_r
                0x0000000008004c30      0x200 c:/st/stm32cubeide_1.9.0/stm32cubeide/plugins/com.st.stm32cube.ide.mcu.externaltools.gnu-tools-for-stm32.10.3-2021.10.win32_1.0.0.202111181127/tools/bin/../lib/gcc/arm-none-eabi/10.3.1/../../../../arm-none-eabi/lib/thumb/v7e-m+fp/hard\libc_nano.a(lib_a-nano-svfprintf.o)
                0x0000000008004c30                _svfiprintf_r
                0x0000000008004c30                _svfprintf_r
 .text._printf_common
                0x0000000008004e30       0xda c:/st/stm32cubeide_1.9.0/stm32cubeide/plugins/com.st.stm32cube.ide.mcu.externaltools.gnu-tools-for-stm32.10.3-2021.10.win32_1.0.0.202111181127/tools/bin/../lib/gcc/arm-none-eabi/10.3.1/../../../../arm-none-eabi/lib/thumb/v7e-m+fp/hard\libc_nano.a(lib_a-nano-vfprintf_i.o)
                0x0000000008004e30                _printf_common
 *fill*         0x0000000008004f0a        0x2 
 .text._printf_i
                0x0000000008004f0c      0x24c c:/st/stm32cubeide_1.9.0/stm32cubeide/plugins/com.st.stm32cube.ide.mcu.externaltools.gnu-tools-for-stm32.10.3-2021.10.win32_1.0.0.202111181127/tools/bin/../lib/gcc/arm-none-eabi/10.3.1/../../../../arm-none-eabi/lib/thumb/v7e-m+fp/hard\libc_nano.a(lib_a-nano-vfprintf_i.o)
                0x0000000008004f0c                _printf_i
 .text.memcpy   0x0000000008005158       0x1c c:/st/stm32cubeide_1.9.0/stm32cubeide/plugins/com.st.stm32cube.ide.mcu.externaltools.gnu-tools-for-stm32.10.3-2021.10.win32_1.0.0.202111181127/tools/bin/../lib/gcc/arm-none-eabi/10.3.1/../../../../arm-none-eabi/lib/thumb/v7e-m+fp/hard\libc_nano.a(lib_a-memcpy-stub.o)
                0x0000000008005158                memcpy
 .text.memmove  0x0000000008005174       0x34 c:/st/stm32cubeide_1.9.0/stm32cubeide/plugins/com.st.stm32cube.ide.mcu.externaltools.gnu-tools-for-stm32.10.3-2021.10.win32_1.0.0.202111181127/tools/bin/../lib/gcc/arm-none-eabi/10.3.1/../../../../arm-none-eabi/lib/thumb/v7e-m+fp/hard\libc_nano.a(lib_a-memmove.o)
                0x0000000008005174                memmove
 .text._free_r  0x00000000080051a8       0x98 c:/st/stm32cubeide_1.9.0/stm32cubeide/plugins/com.st.stm32cube.ide.mcu.externaltools.gnu-tools-for-stm32.10.3-2021.10.win32_1.0.0.202111181127/tools/bin/../lib/gcc/arm-none-eabi/10.3.1/../../../../arm-none-eabi/lib/thumb/v7e-m+fp/hard\libc_nano.a(lib_a-nano-freer.o)
                0x00000000080051a8                _free_r
 .text.sbrk_aligned
                0x0000000008005240       0x40 c:/st/stm32cubeide_1.9.0/stm32cubeide/plugins/com.st.stm32cube.ide.mcu.externaltools.gnu-tools-for-stm32.10.3-2021.10.win32_1.0.0.202111181127/tools/bin/../lib/gcc/arm-none-eabi/10.3.1/../../../../arm-none-eabi/lib/thumb/v7e-m+fp/hard\libc_nano.a(lib_a-nano-mallocr.o)
 .text._malloc_r
                0x0000000008005280       0xe8 c:/st/stm32cubeide_1.9.0/stm32cubeide/plugins/com.st.stm32cube.ide.mcu.externaltools.gnu-tools-for-stm32.10.3-2021.10.win32_1.0.0.202111181127/tools/bin/../lib/gcc/arm-none-eabi/10.3.1/../../../../arm-none-eabi/lib/thumb/v7e-m+fp/hard\libc_nano.a(lib_a-nano-mallocr.o)
                0x0000000008005280                _malloc_r
 .text._realloc_r
                0x0000000008005368       0x5e c:/st/stm32cubeide_1.9.0/stm32cubeide/plugins/com.st.stm32cube.ide.mcu.externaltools.gnu-tools-for-stm32.10.3-2021.10.win32_1.0.0.202111181127/tools/bin/../lib/gcc/arm-none-eabi/10.3.1/../../../../arm-none-eabi/lib/thumb/v7e-m+fp/hard\libc_nano.a(lib_a-nano-reallocr.o)
                0x0000000008005368                _realloc_r
 *fill*         0x00000000080053c6        0x2 
 .text._sbrk_r  0x00000000080053c8       0x20 c:/st/stm32cubeide_1.9.0/stm32cubeide/plugins/com.st.stm32cube.ide.mcu.externaltools.gnu-tools-for-stm32.10.3-2021.10.win32_1.0.0.202111181127/tools/bin/../lib/gcc/arm-none-eabi/10.3.1/../../../../arm-none-eabi/lib/thumb/v7e-m+fp/hard\libc_nano.a(lib_a-sbrkr.o)
                0x00000000080053c8                _sbrk_r
 .text.__malloc_lock
                0x00000000080053e8        0xc c:/st/stm32cubeide_1.9.0/stm32cubeide/plugins/com.st.stm32cube.ide.mcu.externaltools.gnu-tools-for-stm32.10.3-2021.10.win32_1.0.0.202111181127/tools/bin/../lib/gcc/arm-none-eabi/10.3.1/../../../../arm-none-eabi/lib/thumb/v7e-m+fp/hard\libc_nano.a(lib_a-mlock.o)
                0x00000000080053e8                __malloc_lock
 .text.__malloc_unlock
                0x00000000080053f4        0xc c:/st/stm32cubeide_1.9.0/stm32cubeide/plugins/com.st.stm32cube.ide.mcu.externaltools.gnu-tools-for-stm32.10.3-2021.10.win32_1.0.0.202111181127/tools/bin/../lib/gcc/arm-none-eabi/10.3.1/../../../../arm-none-eabi/lib/thumb/v7e-m+fp/hard\libc_nano.a(lib_a-mlock.o)
                0x00000000080053f4                __malloc_unlock
 .text._malloc_usable_size_r
                0x0000000008005400       0x10 c:/st/stm32cubeide_1.9.0/stm32cubeide/plugins/com.st.stm32cube.ide.mcu.externaltools.gnu-tools-for-stm32.10.3-2021.10.win32_1.0.0.202111181127/tools/bin/../lib/gcc/arm-none-eabi/10.3.1/../../../../arm-none-eabi/lib/thumb/v7e-m+fp/hard\libc_nano.a(lib_a-nano-msizer.o)
                0x0000000008005400                _malloc_usable_size_r
 .text.__retarget_lock_acquire_recursive
                0x0000000008005410        0x2 c:/st/stm32cubeide_1.9.0/stm32cubeide/plugins/com.st.stm32cube.ide.mcu.externaltools.gnu-tools-for-stm32.10.3-2021.10.win32_1.0.0.202111181127/tools/bin/../lib/gcc/arm-none-eabi/10.3.1/../../../../arm-none-eabi/lib/thumb/v7e-m+fp/hard\libc_nano.a(lib_a-lock.o)
                0x0000000008005410                __retarget_lock_acquire_recursive
 .text.__retarget_lock_release_recursive
                0x0000000008005412        0x2 c:/st/stm32cubeide_1.9.0/stm32cubeide/plugins/com.st.stm32cube.ide.mcu.externaltools.gnu-tools-for-stm32.10.3-2021.10.win32_1.0.0.202111181127/tools/bin/../lib/gcc/arm-none-eabi/10.3.1/../../../../arm-none-eabi/lib/thumb/v7e-m+fp/hard\libc_nano.a(lib_a-lock.o)
                0x0000000008005412                __retarget_lock_release_recursive
 *(.glue_7)
 .glue_7        0x0000000008005414        0x0 linker stubs
 *(.glue_7t)
 .glue_7t       0x0000000008005414        0x0 linker stubs
 *(.eh_frame)
 .eh_frame      0x0000000008005414        0x0 c:/st/stm32cubeide_1.9.0/stm32cubeide/plugins/com.st.stm32cube.ide.mcu.externaltools.gnu-tools-for-stm32.10.3-2021.10.win32_1.0.0.202111181127/tools/bin/../lib/gcc/arm-none-eabi/10.3.1/thumb/v7e-m+fp/hard/crtbegin.o
 *(.init)
 .init          0x0000000008005414        0x4 c:/st/stm32cubeide_1.9.0/stm32cubeide/plugins/com.st.stm32cube.ide.mcu.externaltools.gnu-tools-for-stm32.10.3-2021.10.win32_1.0.0.202111181127/tools/bin/../lib/gcc/arm-none-eabi/10.3.1/thumb/v7e-m+fp/hard/crti.o
                0x0000000008005414                _init
 .init          0x0000000008005418        0x8 c:/st/stm32cubeide_1.9.0/stm32cubeide/plugins/com.st.stm32cube.ide.mcu.externaltools.gnu-tools-for-stm32.10.3-2021.10.win32_1.0.0.202111181127/tools/bin/../lib/gcc/arm-none-eabi/10.3.1/thumb/v7e-m+fp/hard/crtn.o
 *(.fini)
 .fini          0x0000000008005420        0x4 c:/st/stm32cubeide_1.9.0/stm32cubeide/plugins/com.st.stm32cube.ide.mcu.externaltools.gnu-tools-for-stm32.10.3-2021.10.win32_1.0.0.202111181127/tools/bin/../lib/gcc/arm-none-eabi/10.3.1/thumb/v7e-m+fp/hard/crti.o
                0x0000000008005420                _fini
 .fini          0x0000000008005424        0x8 c:/st/stm32cubeide_1.9.0/stm32cubeide/plugins/com.st.stm32cube.ide.mcu.externaltools.gnu-tools-for-stm32.10.3-2021.10.win32_1.0.0.202111181127/tools/bin/../lib/gcc/arm-none-eabi/10.3.1/thumb/v7e-m+fp/hard/crtn.o
                0x000000000800542c                . = ALIGN (0x4)
                0x000000000800542c                _etext = .

.vfp11_veneer   0x000000000800542c        0x0
 .vfp11_veneer  0x000000000800542c        0x0 linker stubs

.v4_bx          0x000000000800542c        0x0
 .v4_bx         0x000000000800542c        0x0 linker stubs

.iplt           0x000000000800542c        0x0
 .iplt          0x000000000800542c        0x0 c:/st/stm32cubeide_1.9.0/stm32cubeide/plugins/com.st.stm32cube.ide.mcu.externaltools.gnu-tools-for-stm32.10.3-2021.10.win32_1.0.0.202111181127/tools/bin/../lib/gcc/arm-none-eabi/10.3.1/thumb/v7e-m+fp/hard/crtbegin.o

.rodata         0x000000000800542c      0x128
                0x000000000800542c                . = ALIGN (0x4)
 *(.rodata)
 .rodata        0x000000000800542c       0x5d ./Core/Src/main.o
 *fill*         0x0000000008005489        0x3 
 .rodata        0x000000000800548c       0x45 ./Drivers/hw_drivers/bluetooth_drivers/bluetooth_driver.o
 *fill*         0x00000000080054d1        0x3 
 .rodata        0x00000000080054d4       0x18 ./Drivers/hw_drivers/npk_drivers/npk_driver.o
 *(.rodata*)
 .rodata.AHBPrescTable
                0x00000000080054ec       0x10 ./Core/Src/system_stm32f4xx.o
                0x00000000080054ec                AHBPrescTable
 .rodata.APBPrescTable
                0x00000000080054fc        0x8 ./Core/Src/system_stm32f4xx.o
                0x00000000080054fc                APBPrescTable
 .rodata.flagBitshiftOffset.0
                0x0000000008005504        0x8 ./Drivers/STM32F4xx_HAL_Driver/Src/stm32f4xx_hal_dma.o
 .rodata.LCD16x2_CfgParam
                0x000000000800550c       0x14 ./Drivers/hw_drivers/lcd_drivers/LCD16x2_cfg.o
                0x000000000800550c                LCD16x2_CfgParam
 .rodata._svfprintf_r.str1.1
                0x0000000008005520       0x11 c:/st/stm32cubeide_1.9.0/stm32cubeide/plugins/com.st.stm32cube.ide.mcu.externaltools.gnu-tools-for-stm32.10.3-2021.10.win32_1.0.0.202111181127/tools/bin/../lib/gcc/arm-none-eabi/10.3.1/../../../../arm-none-eabi/lib/thumb/v7e-m+fp/hard\libc_nano.a(lib_a-nano-svfprintf.o)
 .rodata._printf_i.str1.1
                0x0000000008005531       0x22 c:/st/stm32cubeide_1.9.0/stm32cubeide/plugins/com.st.stm32cube.ide.mcu.externaltools.gnu-tools-for-stm32.10.3-2021.10.win32_1.0.0.202111181127/tools/bin/../lib/gcc/arm-none-eabi/10.3.1/../../../../arm-none-eabi/lib/thumb/v7e-m+fp/hard\libc_nano.a(lib_a-nano-vfprintf_i.o)
                0x0000000008005554                . = ALIGN (0x4)
 *fill*         0x0000000008005553        0x1 

.ARM.extab      0x0000000008005554        0x0
                0x0000000008005554                . = ALIGN (0x4)
 *(.ARM.extab* .gnu.linkonce.armextab.*)
                0x0000000008005554                . = ALIGN (0x4)

.ARM            0x0000000008005554        0x8
                0x0000000008005554                . = ALIGN (0x4)
                0x0000000008005554                __exidx_start = .
 *(.ARM.exidx*)
 .ARM.exidx     0x0000000008005554        0x8 c:/st/stm32cubeide_1.9.0/stm32cubeide/plugins/com.st.stm32cube.ide.mcu.externaltools.gnu-tools-for-stm32.10.3-2021.10.win32_1.0.0.202111181127/tools/bin/../lib/gcc/arm-none-eabi/10.3.1/thumb/v7e-m+fp/hard\libgcc.a(_udivmoddi4.o)
                0x000000000800555c                __exidx_end = .
                0x000000000800555c                . = ALIGN (0x4)

.rel.dyn        0x000000000800555c        0x0
 .rel.iplt      0x000000000800555c        0x0 c:/st/stm32cubeide_1.9.0/stm32cubeide/plugins/com.st.stm32cube.ide.mcu.externaltools.gnu-tools-for-stm32.10.3-2021.10.win32_1.0.0.202111181127/tools/bin/../lib/gcc/arm-none-eabi/10.3.1/thumb/v7e-m+fp/hard/crtbegin.o

.preinit_array  0x000000000800555c        0x0
                0x000000000800555c                . = ALIGN (0x4)
                0x000000000800555c                PROVIDE (__preinit_array_start = .)
 *(.preinit_array*)
                0x000000000800555c                PROVIDE (__preinit_array_end = .)
                0x000000000800555c                . = ALIGN (0x4)

.init_array     0x000000000800555c        0x4
                0x000000000800555c                . = ALIGN (0x4)
                0x000000000800555c                PROVIDE (__init_array_start = .)
 *(SORT_BY_NAME(.init_array.*))
 *(.init_array*)
 .init_array    0x000000000800555c        0x4 c:/st/stm32cubeide_1.9.0/stm32cubeide/plugins/com.st.stm32cube.ide.mcu.externaltools.gnu-tools-for-stm32.10.3-2021.10.win32_1.0.0.202111181127/tools/bin/../lib/gcc/arm-none-eabi/10.3.1/thumb/v7e-m+fp/hard/crtbegin.o
                0x0000000008005560                PROVIDE (__init_array_end = .)
                0x0000000008005560                . = ALIGN (0x4)

.fini_array     0x0000000008005560        0x4
                0x0000000008005560                . = ALIGN (0x4)
                [!provide]                        PROVIDE (__fini_array_start = .)
 *(SORT_BY_NAME(.fini_array.*))
 *(.fini_array*)
 .fini_array    0x0000000008005560        0x4 c:/st/stm32cubeide_1.9.0/stm32cubeide/plugins/com.st.stm32cube.ide.mcu.externaltools.gnu-tools-for-stm32.10.3-2021.10.win32_1.0.0.202111181127/tools/bin/../lib/gcc/arm-none-eabi/10.3.1/thumb/v7e-m+fp/hard/crtbegin.o
                [!provide]                        PROVIDE (__fini_array_end = .)
                0x0000000008005564                . = ALIGN (0x4)
                0x0000000008005564                _sidata = LOADADDR (.data)

.data           0x0000000020000000       0x70 load address 0x0000000008005564
                0x0000000020000000                . = ALIGN (0x4)
                0x0000000020000000                _sdata = .
 *(.data)
 *(.data*)
 .data.SystemCoreClock
                0x0000000020000000        0x4 ./Core/Src/system_stm32f4xx.o
                0x0000000020000000                SystemCoreClock
 .data.uwTickPrio
                0x0000000020000004        0x4 ./Drivers/STM32F4xx_HAL_Driver/Src/stm32f4xx_hal.o
                0x0000000020000004                uwTickPrio
 .data.uwTickFreq
                0x0000000020000008        0x1 ./Drivers/STM32F4xx_HAL_Driver/Src/stm32f4xx_hal.o
                0x0000000020000008                uwTickFreq
 *fill*         0x0000000020000009        0x3 
 .data._impure_ptr
                0x000000002000000c        0x4 c:/st/stm32cubeide_1.9.0/stm32cubeide/plugins/com.st.stm32cube.ide.mcu.externaltools.gnu-tools-for-stm32.10.3-2021.10.win32_1.0.0.202111181127/tools/bin/../lib/gcc/arm-none-eabi/10.3.1/../../../../arm-none-eabi/lib/thumb/v7e-m+fp/hard\libc_nano.a(lib_a-impure.o)
                0x000000002000000c                _impure_ptr
 .data.impure_data
                0x0000000020000010       0x60 c:/st/stm32cubeide_1.9.0/stm32cubeide/plugins/com.st.stm32cube.ide.mcu.externaltools.gnu-tools-for-stm32.10.3-2021.10.win32_1.0.0.202111181127/tools/bin/../lib/gcc/arm-none-eabi/10.3.1/../../../../arm-none-eabi/lib/thumb/v7e-m+fp/hard\libc_nano.a(lib_a-impure.o)
 *(.RamFunc)
 *(.RamFunc*)
                0x0000000020000070                . = ALIGN (0x4)
                0x0000000020000070                _edata = .

.igot.plt       0x0000000020000070        0x0 load address 0x00000000080055d4
 .igot.plt      0x0000000020000070        0x0 c:/st/stm32cubeide_1.9.0/stm32cubeide/plugins/com.st.stm32cube.ide.mcu.externaltools.gnu-tools-for-stm32.10.3-2021.10.win32_1.0.0.202111181127/tools/bin/../lib/gcc/arm-none-eabi/10.3.1/thumb/v7e-m+fp/hard/crtbegin.o
                0x0000000020000070                . = ALIGN (0x4)

.bss            0x0000000020000070      0x27c load address 0x00000000080055d4
                0x0000000020000070                _sbss = .
                0x0000000020000070                __bss_start__ = _sbss
 *(.bss)
 .bss           0x0000000020000070       0x1c c:/st/stm32cubeide_1.9.0/stm32cubeide/plugins/com.st.stm32cube.ide.mcu.externaltools.gnu-tools-for-stm32.10.3-2021.10.win32_1.0.0.202111181127/tools/bin/../lib/gcc/arm-none-eabi/10.3.1/thumb/v7e-m+fp/hard/crtbegin.o
 *(.bss*)
 .bss.hadc1     0x000000002000008c       0x48 ./Core/Src/main.o
                0x000000002000008c                hadc1
 .bss.hdma_adc1
                0x00000000200000d4       0x60 ./Core/Src/main.o
                0x00000000200000d4                hdma_adc1
 .bss.huart1    0x0000000020000134       0x44 ./Core/Src/main.o
                0x0000000020000134                huart1
 .bss.huart2    0x0000000020000178       0x44 ./Core/Src/main.o
                0x0000000020000178                huart2
 .bss.huart6    0x00000000200001bc       0x44 ./Core/Src/main.o
                0x00000000200001bc                huart6
 .bss.hdma_usart6_rx
                0x0000000020000200       0x60 ./Core/Src/main.o
                0x0000000020000200                hdma_usart6_rx
 .bss.hdma_usart6_tx
                0x0000000020000260       0x60 ./Core/Src/main.o
                0x0000000020000260                hdma_usart6_tx
 .bss.value     0x00000000200002c0        0x8 ./Core/Src/main.o
                0x00000000200002c0                value
 .bss.hum       0x00000000200002c8        0x8 ./Core/Src/main.o
                0x00000000200002c8                hum
 .bss.avr_hum   0x00000000200002d0        0x4 ./Core/Src/main.o
                0x00000000200002d0                avr_hum
 .bss.__sbrk_heap_end
                0x00000000200002d4        0x4 ./Core/Src/sysmem.o
 .bss.uwTick    0x00000000200002d8        0x4 ./Drivers/STM32F4xx_HAL_Driver/Src/stm32f4xx_hal.o
                0x00000000200002d8                uwTick
 .bss.__malloc_free_list
                0x00000000200002dc        0x4 c:/st/stm32cubeide_1.9.0/stm32cubeide/plugins/com.st.stm32cube.ide.mcu.externaltools.gnu-tools-for-stm32.10.3-2021.10.win32_1.0.0.202111181127/tools/bin/../lib/gcc/arm-none-eabi/10.3.1/../../../../arm-none-eabi/lib/thumb/v7e-m+fp/hard\libc_nano.a(lib_a-nano-mallocr.o)
                0x00000000200002dc                __malloc_free_list
 .bss.__malloc_sbrk_start
                0x00000000200002e0        0x4 c:/st/stm32cubeide_1.9.0/stm32cubeide/plugins/com.st.stm32cube.ide.mcu.externaltools.gnu-tools-for-stm32.10.3-2021.10.win32_1.0.0.202111181127/tools/bin/../lib/gcc/arm-none-eabi/10.3.1/../../../../arm-none-eabi/lib/thumb/v7e-m+fp/hard\libc_nano.a(lib_a-nano-mallocr.o)
                0x00000000200002e0                __malloc_sbrk_start
 .bss.errno     0x00000000200002e4        0x4 c:/st/stm32cubeide_1.9.0/stm32cubeide/plugins/com.st.stm32cube.ide.mcu.externaltools.gnu-tools-for-stm32.10.3-2021.10.win32_1.0.0.202111181127/tools/bin/../lib/gcc/arm-none-eabi/10.3.1/../../../../arm-none-eabi/lib/thumb/v7e-m+fp/hard\libc_nano.a(lib_a-reent.o)
                0x00000000200002e4                errno
 .bss.__lock___malloc_recursive_mutex
                0x00000000200002e8        0x1 c:/st/stm32cubeide_1.9.0/stm32cubeide/plugins/com.st.stm32cube.ide.mcu.externaltools.gnu-tools-for-stm32.10.3-2021.10.win32_1.0.0.202111181127/tools/bin/../lib/gcc/arm-none-eabi/10.3.1/../../../../arm-none-eabi/lib/thumb/v7e-m+fp/hard\libc_nano.a(lib_a-lock.o)
                0x00000000200002e8                __lock___malloc_recursive_mutex
 *(COMMON)
                0x00000000200002ec                . = ALIGN (0x4)
 *fill*         0x00000000200002e9        0x3 
                0x00000000200002ec                _ebss = .
                0x00000000200002ec                __bss_end__ = _ebss

._user_heap_stack
                0x00000000200002ec      0x604 load address 0x00000000080055d4
                0x00000000200002f0                . = ALIGN (0x8)
 *fill*         0x00000000200002ec        0x4 
                [!provide]                        PROVIDE (end = .)
                0x00000000200002f0                PROVIDE (_end = .)
                0x00000000200004f0                . = (. + _Min_Heap_Size)
 *fill*         0x00000000200002f0      0x200 
                0x00000000200008f0                . = (. + _Min_Stack_Size)
 *fill*         0x00000000200004f0      0x400 
                0x00000000200008f0                . = ALIGN (0x8)

/DISCARD/
 libc.a(*)
 libm.a(*)
 libgcc.a(*)

.ARM.attributes
                0x0000000000000000       0x30
 *(.ARM.attributes)
 .ARM.attributes
                0x0000000000000000       0x1e c:/st/stm32cubeide_1.9.0/stm32cubeide/plugins/com.st.stm32cube.ide.mcu.externaltools.gnu-tools-for-stm32.10.3-2021.10.win32_1.0.0.202111181127/tools/bin/../lib/gcc/arm-none-eabi/10.3.1/thumb/v7e-m+fp/hard/crti.o
 .ARM.attributes
                0x000000000000001e       0x34 c:/st/stm32cubeide_1.9.0/stm32cubeide/plugins/com.st.stm32cube.ide.mcu.externaltools.gnu-tools-for-stm32.10.3-2021.10.win32_1.0.0.202111181127/tools/bin/../lib/gcc/arm-none-eabi/10.3.1/thumb/v7e-m+fp/hard/crtbegin.o
 .ARM.attributes
                0x0000000000000052       0x34 ./Core/Src/main.o
 .ARM.attributes
                0x0000000000000086       0x34 ./Core/Src/stm32f4xx_hal_msp.o
 .ARM.attributes
                0x00000000000000ba       0x34 ./Core/Src/stm32f4xx_it.o
 .ARM.attributes
                0x00000000000000ee       0x34 ./Core/Src/sysmem.o
 .ARM.attributes
                0x0000000000000122       0x34 ./Core/Src/system_stm32f4xx.o
 .ARM.attributes
                0x0000000000000156       0x21 ./Core/Startup/startup_stm32f401retx.o
 .ARM.attributes
                0x0000000000000177       0x34 ./Drivers/STM32F4xx_HAL_Driver/Src/stm32f4xx_hal.o
 .ARM.attributes
                0x00000000000001ab       0x34 ./Drivers/STM32F4xx_HAL_Driver/Src/stm32f4xx_hal_adc.o
 .ARM.attributes
                0x00000000000001df       0x34 ./Drivers/STM32F4xx_HAL_Driver/Src/stm32f4xx_hal_cortex.o
 .ARM.attributes
                0x0000000000000213       0x34 ./Drivers/STM32F4xx_HAL_Driver/Src/stm32f4xx_hal_dma.o
 .ARM.attributes
                0x0000000000000247       0x34 ./Drivers/STM32F4xx_HAL_Driver/Src/stm32f4xx_hal_gpio.o
 .ARM.attributes
                0x000000000000027b       0x34 ./Drivers/STM32F4xx_HAL_Driver/Src/stm32f4xx_hal_rcc.o
 .ARM.attributes
                0x00000000000002af       0x34 ./Drivers/STM32F4xx_HAL_Driver/Src/stm32f4xx_hal_uart.o
 .ARM.attributes
                0x00000000000002e3       0x34 ./Drivers/hw_drivers/bluetooth_drivers/bluetooth_driver.o
 .ARM.attributes
                0x0000000000000317       0x34 ./Drivers/hw_drivers/lcd_drivers/LCD16x2.o
 .ARM.attributes
                0x000000000000034b       0x34 ./Drivers/hw_drivers/lcd_drivers/LCD16x2_cfg.o
 .ARM.attributes
                0x000000000000037f       0x34 ./Drivers/hw_drivers/npk_drivers/npk_driver.o
 .ARM.attributes
                0x00000000000003b3       0x34 ./Drivers/hw_drivers/util/DWT_Delay.o
 .ARM.attributes
                0x00000000000003e7       0x34 c:/st/stm32cubeide_1.9.0/stm32cubeide/plugins/com.st.stm32cube.ide.mcu.externaltools.gnu-tools-for-stm32.10.3-2021.10.win32_1.0.0.202111181127/tools/bin/../lib/gcc/arm-none-eabi/10.3.1/../../../../arm-none-eabi/lib/thumb/v7e-m+fp/hard\libc_nano.a(lib_a-errno.o)
 .ARM.attributes
                0x000000000000041b       0x34 c:/st/stm32cubeide_1.9.0/stm32cubeide/plugins/com.st.stm32cube.ide.mcu.externaltools.gnu-tools-for-stm32.10.3-2021.10.win32_1.0.0.202111181127/tools/bin/../lib/gcc/arm-none-eabi/10.3.1/../../../../arm-none-eabi/lib/thumb/v7e-m+fp/hard\libc_nano.a(lib_a-impure.o)
 .ARM.attributes
                0x000000000000044f       0x34 c:/st/stm32cubeide_1.9.0/stm32cubeide/plugins/com.st.stm32cube.ide.mcu.externaltools.gnu-tools-for-stm32.10.3-2021.10.win32_1.0.0.202111181127/tools/bin/../lib/gcc/arm-none-eabi/10.3.1/../../../../arm-none-eabi/lib/thumb/v7e-m+fp/hard\libc_nano.a(lib_a-init.o)
 .ARM.attributes
                0x0000000000000483       0x34 c:/st/stm32cubeide_1.9.0/stm32cubeide/plugins/com.st.stm32cube.ide.mcu.externaltools.gnu-tools-for-stm32.10.3-2021.10.win32_1.0.0.202111181127/tools/bin/../lib/gcc/arm-none-eabi/10.3.1/../../../../arm-none-eabi/lib/thumb/v7e-m+fp/hard\libc_nano.a(lib_a-memset.o)
 .ARM.attributes
                0x00000000000004b7       0x34 c:/st/stm32cubeide_1.9.0/stm32cubeide/plugins/com.st.stm32cube.ide.mcu.externaltools.gnu-tools-for-stm32.10.3-2021.10.win32_1.0.0.202111181127/tools/bin/../lib/gcc/arm-none-eabi/10.3.1/../../../../arm-none-eabi/lib/thumb/v7e-m+fp/hard\libc_nano.a(lib_a-sprintf.o)
 .ARM.attributes
                0x00000000000004eb       0x17 c:/st/stm32cubeide_1.9.0/stm32cubeide/plugins/com.st.stm32cube.ide.mcu.externaltools.gnu-tools-for-stm32.10.3-2021.10.win32_1.0.0.202111181127/tools/bin/../lib/gcc/arm-none-eabi/10.3.1/../../../../arm-none-eabi/lib/thumb/v7e-m+fp/hard\libc_nano.a(lib_a-strlen.o)
 .ARM.attributes
                0x0000000000000502       0x34 c:/st/stm32cubeide_1.9.0/stm32cubeide/plugins/com.st.stm32cube.ide.mcu.externaltools.gnu-tools-for-stm32.10.3-2021.10.win32_1.0.0.202111181127/tools/bin/../lib/gcc/arm-none-eabi/10.3.1/../../../../arm-none-eabi/lib/thumb/v7e-m+fp/hard\libc_nano.a(lib_a-nano-svfprintf.o)
 .ARM.attributes
                0x0000000000000536       0x34 c:/st/stm32cubeide_1.9.0/stm32cubeide/plugins/com.st.stm32cube.ide.mcu.externaltools.gnu-tools-for-stm32.10.3-2021.10.win32_1.0.0.202111181127/tools/bin/../lib/gcc/arm-none-eabi/10.3.1/../../../../arm-none-eabi/lib/thumb/v7e-m+fp/hard\libc_nano.a(lib_a-nano-vfprintf_i.o)
 .ARM.attributes
                0x000000000000056a       0x1c c:/st/stm32cubeide_1.9.0/stm32cubeide/plugins/com.st.stm32cube.ide.mcu.externaltools.gnu-tools-for-stm32.10.3-2021.10.win32_1.0.0.202111181127/tools/bin/../lib/gcc/arm-none-eabi/10.3.1/../../../../arm-none-eabi/lib/thumb/v7e-m+fp/hard\libc_nano.a(lib_a-memchr.o)
 .ARM.attributes
                0x0000000000000586       0x34 c:/st/stm32cubeide_1.9.0/stm32cubeide/plugins/com.st.stm32cube.ide.mcu.externaltools.gnu-tools-for-stm32.10.3-2021.10.win32_1.0.0.202111181127/tools/bin/../lib/gcc/arm-none-eabi/10.3.1/../../../../arm-none-eabi/lib/thumb/v7e-m+fp/hard\libc_nano.a(lib_a-memcpy-stub.o)
 .ARM.attributes
                0x00000000000005ba       0x34 c:/st/stm32cubeide_1.9.0/stm32cubeide/plugins/com.st.stm32cube.ide.mcu.externaltools.gnu-tools-for-stm32.10.3-2021.10.win32_1.0.0.202111181127/tools/bin/../lib/gcc/arm-none-eabi/10.3.1/../../../../arm-none-eabi/lib/thumb/v7e-m+fp/hard\libc_nano.a(lib_a-memmove.o)
 .ARM.attributes
                0x00000000000005ee       0x34 c:/st/stm32cubeide_1.9.0/stm32cubeide/plugins/com.st.stm32cube.ide.mcu.externaltools.gnu-tools-for-stm32.10.3-2021.10.win32_1.0.0.202111181127/tools/bin/../lib/gcc/arm-none-eabi/10.3.1/../../../../arm-none-eabi/lib/thumb/v7e-m+fp/hard\libc_nano.a(lib_a-nano-freer.o)
 .ARM.attributes
                0x0000000000000622       0x34 c:/st/stm32cubeide_1.9.0/stm32cubeide/plugins/com.st.stm32cube.ide.mcu.externaltools.gnu-tools-for-stm32.10.3-2021.10.win32_1.0.0.202111181127/tools/bin/../lib/gcc/arm-none-eabi/10.3.1/../../../../arm-none-eabi/lib/thumb/v7e-m+fp/hard\libc_nano.a(lib_a-nano-mallocr.o)
 .ARM.attributes
                0x0000000000000656       0x34 c:/st/stm32cubeide_1.9.0/stm32cubeide/plugins/com.st.stm32cube.ide.mcu.externaltools.gnu-tools-for-stm32.10.3-2021.10.win32_1.0.0.202111181127/tools/bin/../lib/gcc/arm-none-eabi/10.3.1/../../../../arm-none-eabi/lib/thumb/v7e-m+fp/hard\libc_nano.a(lib_a-nano-reallocr.o)
 .ARM.attributes
                0x000000000000068a       0x34 c:/st/stm32cubeide_1.9.0/stm32cubeide/plugins/com.st.stm32cube.ide.mcu.externaltools.gnu-tools-for-stm32.10.3-2021.10.win32_1.0.0.202111181127/tools/bin/../lib/gcc/arm-none-eabi/10.3.1/../../../../arm-none-eabi/lib/thumb/v7e-m+fp/hard\libc_nano.a(lib_a-sbrkr.o)
 .ARM.attributes
                0x00000000000006be       0x34 c:/st/stm32cubeide_1.9.0/stm32cubeide/plugins/com.st.stm32cube.ide.mcu.externaltools.gnu-tools-for-stm32.10.3-2021.10.win32_1.0.0.202111181127/tools/bin/../lib/gcc/arm-none-eabi/10.3.1/../../../../arm-none-eabi/lib/thumb/v7e-m+fp/hard\libc_nano.a(lib_a-mlock.o)
 .ARM.attributes
                0x00000000000006f2       0x34 c:/st/stm32cubeide_1.9.0/stm32cubeide/plugins/com.st.stm32cube.ide.mcu.externaltools.gnu-tools-for-stm32.10.3-2021.10.win32_1.0.0.202111181127/tools/bin/../lib/gcc/arm-none-eabi/10.3.1/../../../../arm-none-eabi/lib/thumb/v7e-m+fp/hard\libc_nano.a(lib_a-nano-msizer.o)
 .ARM.attributes
                0x0000000000000726       0x34 c:/st/stm32cubeide_1.9.0/stm32cubeide/plugins/com.st.stm32cube.ide.mcu.externaltools.gnu-tools-for-stm32.10.3-2021.10.win32_1.0.0.202111181127/tools/bin/../lib/gcc/arm-none-eabi/10.3.1/../../../../arm-none-eabi/lib/thumb/v7e-m+fp/hard\libc_nano.a(lib_a-reent.o)
 .ARM.attributes
                0x000000000000075a       0x34 c:/st/stm32cubeide_1.9.0/stm32cubeide/plugins/com.st.stm32cube.ide.mcu.externaltools.gnu-tools-for-stm32.10.3-2021.10.win32_1.0.0.202111181127/tools/bin/../lib/gcc/arm-none-eabi/10.3.1/../../../../arm-none-eabi/lib/thumb/v7e-m+fp/hard\libc_nano.a(lib_a-lock.o)
 .ARM.attributes
                0x000000000000078e       0x1e c:/st/stm32cubeide_1.9.0/stm32cubeide/plugins/com.st.stm32cube.ide.mcu.externaltools.gnu-tools-for-stm32.10.3-2021.10.win32_1.0.0.202111181127/tools/bin/../lib/gcc/arm-none-eabi/10.3.1/thumb/v7e-m+fp/hard\libgcc.a(_aeabi_uldivmod.o)
 .ARM.attributes
                0x00000000000007ac       0x34 c:/st/stm32cubeide_1.9.0/stm32cubeide/plugins/com.st.stm32cube.ide.mcu.externaltools.gnu-tools-for-stm32.10.3-2021.10.win32_1.0.0.202111181127/tools/bin/../lib/gcc/arm-none-eabi/10.3.1/thumb/v7e-m+fp/hard\libgcc.a(_udivmoddi4.o)
 .ARM.attributes
                0x00000000000007e0       0x1e c:/st/stm32cubeide_1.9.0/stm32cubeide/plugins/com.st.stm32cube.ide.mcu.externaltools.gnu-tools-for-stm32.10.3-2021.10.win32_1.0.0.202111181127/tools/bin/../lib/gcc/arm-none-eabi/10.3.1/thumb/v7e-m+fp/hard\libgcc.a(_dvmd_tls.o)
 .ARM.attributes
                0x00000000000007fe       0x1e c:/st/stm32cubeide_1.9.0/stm32cubeide/plugins/com.st.stm32cube.ide.mcu.externaltools.gnu-tools-for-stm32.10.3-2021.10.win32_1.0.0.202111181127/tools/bin/../lib/gcc/arm-none-eabi/10.3.1/thumb/v7e-m+fp/hard/crtn.o
OUTPUT(soil_measuring_device.elf elf32-littlearm)
LOAD linker stubs
LOAD c:/st/stm32cubeide_1.9.0/stm32cubeide/plugins/com.st.stm32cube.ide.mcu.externaltools.gnu-tools-for-stm32.10.3-2021.10.win32_1.0.0.202111181127/tools/bin/../lib/gcc/arm-none-eabi/10.3.1/../../../../arm-none-eabi/lib/thumb/v7e-m+fp/hard\libc.a
LOAD c:/st/stm32cubeide_1.9.0/stm32cubeide/plugins/com.st.stm32cube.ide.mcu.externaltools.gnu-tools-for-stm32.10.3-2021.10.win32_1.0.0.202111181127/tools/bin/../lib/gcc/arm-none-eabi/10.3.1/../../../../arm-none-eabi/lib/thumb/v7e-m+fp/hard\libm.a
LOAD c:/st/stm32cubeide_1.9.0/stm32cubeide/plugins/com.st.stm32cube.ide.mcu.externaltools.gnu-tools-for-stm32.10.3-2021.10.win32_1.0.0.202111181127/tools/bin/../lib/gcc/arm-none-eabi/10.3.1/thumb/v7e-m+fp/hard\libgcc.a

.debug_info     0x0000000000000000     0xbd91
 .debug_info    0x0000000000000000     0x1432 ./Core/Src/main.o
 .debug_info    0x0000000000001432      0xf82 ./Core/Src/stm32f4xx_hal_msp.o
 .debug_info    0x00000000000023b4      0x6ca ./Core/Src/stm32f4xx_it.o
 .debug_info    0x0000000000002a7e      0x171 ./Core/Src/sysmem.o
 .debug_info    0x0000000000002bef      0x54f ./Core/Src/system_stm32f4xx.o
 .debug_info    0x000000000000313e       0x22 ./Core/Startup/startup_stm32f401retx.o
 .debug_info    0x0000000000003160      0x906 ./Drivers/STM32F4xx_HAL_Driver/Src/stm32f4xx_hal.o
 .debug_info    0x0000000000003a66      0xd68 ./Drivers/STM32F4xx_HAL_Driver/Src/stm32f4xx_hal_adc.o
 .debug_info    0x00000000000047ce      0xd85 ./Drivers/STM32F4xx_HAL_Driver/Src/stm32f4xx_hal_cortex.o
 .debug_info    0x0000000000005553      0x947 ./Drivers/STM32F4xx_HAL_Driver/Src/stm32f4xx_hal_dma.o
 .debug_info    0x0000000000005e9a      0x78e ./Drivers/STM32F4xx_HAL_Driver/Src/stm32f4xx_hal_gpio.o
 .debug_info    0x0000000000006628      0x98c ./Drivers/STM32F4xx_HAL_Driver/Src/stm32f4xx_hal_rcc.o
 .debug_info    0x0000000000006fb4     0x31b4 ./Drivers/STM32F4xx_HAL_Driver/Src/stm32f4xx_hal_uart.o
 .debug_info    0x000000000000a168      0x71d ./Drivers/hw_drivers/bluetooth_drivers/bluetooth_driver.o
 .debug_info    0x000000000000a885      0x890 ./Drivers/hw_drivers/lcd_drivers/LCD16x2.o
 .debug_info    0x000000000000b115      0x1ea ./Drivers/hw_drivers/lcd_drivers/LCD16x2_cfg.o
 .debug_info    0x000000000000b2ff      0x829 ./Drivers/hw_drivers/npk_drivers/npk_driver.o
 .debug_info    0x000000000000bb28      0x269 ./Drivers/hw_drivers/util/DWT_Delay.o

.debug_abbrev   0x0000000000000000     0x2017
 .debug_abbrev  0x0000000000000000      0x2b1 ./Core/Src/main.o
 .debug_abbrev  0x00000000000002b1      0x223 ./Core/Src/stm32f4xx_hal_msp.o
 .debug_abbrev  0x00000000000004d4      0x177 ./Core/Src/stm32f4xx_it.o
 .debug_abbrev  0x000000000000064b       0xbb ./Core/Src/sysmem.o
 .debug_abbrev  0x0000000000000706      0x116 ./Core/Src/system_stm32f4xx.o
 .debug_abbrev  0x000000000000081c       0x12 ./Core/Startup/startup_stm32f401retx.o
 .debug_abbrev  0x000000000000082e      0x23e ./Drivers/STM32F4xx_HAL_Driver/Src/stm32f4xx_hal.o
 .debug_abbrev  0x0000000000000a6c      0x204 ./Drivers/STM32F4xx_HAL_Driver/Src/stm32f4xx_hal_adc.o
 .debug_abbrev  0x0000000000000c70      0x316 ./Drivers/STM32F4xx_HAL_Driver/Src/stm32f4xx_hal_cortex.o
 .debug_abbrev  0x0000000000000f86      0x21b ./Drivers/STM32F4xx_HAL_Driver/Src/stm32f4xx_hal_dma.o
 .debug_abbrev  0x00000000000011a1      0x1c4 ./Drivers/STM32F4xx_HAL_Driver/Src/stm32f4xx_hal_gpio.o
 .debug_abbrev  0x0000000000001365      0x2aa ./Drivers/STM32F4xx_HAL_Driver/Src/stm32f4xx_hal_rcc.o
 .debug_abbrev  0x000000000000160f      0x305 ./Drivers/STM32F4xx_HAL_Driver/Src/stm32f4xx_hal_uart.o
 .debug_abbrev  0x0000000000001914      0x1b8 ./Drivers/hw_drivers/bluetooth_drivers/bluetooth_driver.o
 .debug_abbrev  0x0000000000001acc      0x223 ./Drivers/hw_drivers/lcd_drivers/LCD16x2.o
 .debug_abbrev  0x0000000000001cef       0xd4 ./Drivers/hw_drivers/lcd_drivers/LCD16x2_cfg.o
 .debug_abbrev  0x0000000000001dc3      0x1ad ./Drivers/hw_drivers/npk_drivers/npk_driver.o
 .debug_abbrev  0x0000000000001f70       0xa7 ./Drivers/hw_drivers/util/DWT_Delay.o

.debug_aranges  0x0000000000000000      0x900
 .debug_aranges
                0x0000000000000000       0x60 ./Core/Src/main.o
 .debug_aranges
                0x0000000000000060       0x40 ./Core/Src/stm32f4xx_hal_msp.o
 .debug_aranges
                0x00000000000000a0       0x80 ./Core/Src/stm32f4xx_it.o
 .debug_aranges
                0x0000000000000120       0x20 ./Core/Src/sysmem.o
 .debug_aranges
                0x0000000000000140       0x28 ./Core/Src/system_stm32f4xx.o
 .debug_aranges
                0x0000000000000168       0x28 ./Core/Startup/startup_stm32f401retx.o
 .debug_aranges
                0x0000000000000190       0xf0 ./Drivers/STM32F4xx_HAL_Driver/Src/stm32f4xx_hal.o
 .debug_aranges
                0x0000000000000280       0xe8 ./Drivers/STM32F4xx_HAL_Driver/Src/stm32f4xx_hal_adc.o
 .debug_aranges
                0x0000000000000368      0x118 ./Drivers/STM32F4xx_HAL_Driver/Src/stm32f4xx_hal_cortex.o
 .debug_aranges
                0x0000000000000480       0x90 ./Drivers/STM32F4xx_HAL_Driver/Src/stm32f4xx_hal_dma.o
 .debug_aranges
                0x0000000000000510       0x58 ./Drivers/STM32F4xx_HAL_Driver/Src/stm32f4xx_hal_gpio.o
 .debug_aranges
                0x0000000000000568       0x88 ./Drivers/STM32F4xx_HAL_Driver/Src/stm32f4xx_hal_rcc.o
 .debug_aranges
                0x00000000000005f0      0x200 ./Drivers/STM32F4xx_HAL_Driver/Src/stm32f4xx_hal_uart.o
 .debug_aranges
                0x00000000000007f0       0x38 ./Drivers/hw_drivers/bluetooth_drivers/bluetooth_driver.o
 .debug_aranges
                0x0000000000000828       0x70 ./Drivers/hw_drivers/lcd_drivers/LCD16x2.o
 .debug_aranges
                0x0000000000000898       0x18 ./Drivers/hw_drivers/lcd_drivers/LCD16x2_cfg.o
 .debug_aranges
                0x00000000000008b0       0x30 ./Drivers/hw_drivers/npk_drivers/npk_driver.o
 .debug_aranges
                0x00000000000008e0       0x20 ./Drivers/hw_drivers/util/DWT_Delay.o

.debug_ranges   0x0000000000000000      0x810
 .debug_ranges  0x0000000000000000       0x50 ./Core/Src/main.o
 .debug_ranges  0x0000000000000050       0x30 ./Core/Src/stm32f4xx_hal_msp.o
 .debug_ranges  0x0000000000000080       0x70 ./Core/Src/stm32f4xx_it.o
 .debug_ranges  0x00000000000000f0       0x10 ./Core/Src/sysmem.o
 .debug_ranges  0x0000000000000100       0x18 ./Core/Src/system_stm32f4xx.o
 .debug_ranges  0x0000000000000118       0x20 ./Core/Startup/startup_stm32f401retx.o
 .debug_ranges  0x0000000000000138       0xe0 ./Drivers/STM32F4xx_HAL_Driver/Src/stm32f4xx_hal.o
 .debug_ranges  0x0000000000000218       0xd8 ./Drivers/STM32F4xx_HAL_Driver/Src/stm32f4xx_hal_adc.o
 .debug_ranges  0x00000000000002f0      0x108 ./Drivers/STM32F4xx_HAL_Driver/Src/stm32f4xx_hal_cortex.o
 .debug_ranges  0x00000000000003f8       0x80 ./Drivers/STM32F4xx_HAL_Driver/Src/stm32f4xx_hal_dma.o
 .debug_ranges  0x0000000000000478       0x48 ./Drivers/STM32F4xx_HAL_Driver/Src/stm32f4xx_hal_gpio.o
 .debug_ranges  0x00000000000004c0       0x78 ./Drivers/STM32F4xx_HAL_Driver/Src/stm32f4xx_hal_rcc.o
 .debug_ranges  0x0000000000000538      0x220 ./Drivers/STM32F4xx_HAL_Driver/Src/stm32f4xx_hal_uart.o
 .debug_ranges  0x0000000000000758       0x28 ./Drivers/hw_drivers/bluetooth_drivers/bluetooth_driver.o
 .debug_ranges  0x0000000000000780       0x60 ./Drivers/hw_drivers/lcd_drivers/LCD16x2.o
 .debug_ranges  0x00000000000007e0       0x20 ./Drivers/hw_drivers/npk_drivers/npk_driver.o
 .debug_ranges  0x0000000000000800       0x10 ./Drivers/hw_drivers/util/DWT_Delay.o

.debug_macro    0x0000000000000000    0x17a44
 .debug_macro   0x0000000000000000      0x39e ./Core/Src/main.o
 .debug_macro   0x000000000000039e      0xa78 ./Core/Src/main.o
 .debug_macro   0x0000000000000e16      0x29b ./Core/Src/main.o
 .debug_macro   0x00000000000010b1       0x2e ./Core/Src/main.o
 .debug_macro   0x00000000000010df       0x28 ./Core/Src/main.o
 .debug_macro   0x0000000000001107       0x22 ./Core/Src/main.o
 .debug_macro   0x0000000000001129       0x8e ./Core/Src/main.o
 .debug_macro   0x00000000000011b7       0x51 ./Core/Src/main.o
 .debug_macro   0x0000000000001208      0x103 ./Core/Src/main.o
 .debug_macro   0x000000000000130b       0x6a ./Core/Src/main.o
 .debug_macro   0x0000000000001375      0x1df ./Core/Src/main.o
 .debug_macro   0x0000000000001554       0x1c ./Core/Src/main.o
 .debug_macro   0x0000000000001570       0x22 ./Core/Src/main.o
 .debug_macro   0x0000000000001592       0xd9 ./Core/Src/main.o
 .debug_macro   0x000000000000166b     0x102d ./Core/Src/main.o
 .debug_macro   0x0000000000002698      0x11f ./Core/Src/main.o
 .debug_macro   0x00000000000027b7     0xb86c ./Core/Src/main.o
 .debug_macro   0x000000000000e023       0x6d ./Core/Src/main.o
 .debug_macro   0x000000000000e090     0x367e ./Core/Src/main.o
 .debug_macro   0x000000000001170e      0x174 ./Core/Src/main.o
 .debug_macro   0x0000000000011882       0x5c ./Core/Src/main.o
 .debug_macro   0x00000000000118de      0x416 ./Core/Src/main.o
 .debug_macro   0x0000000000011cf4      0x9fe ./Core/Src/main.o
 .debug_macro   0x00000000000126f2      0x115 ./Core/Src/main.o
 .debug_macro   0x0000000000012807       0xf8 ./Core/Src/main.o
 .debug_macro   0x00000000000128ff       0xa5 ./Core/Src/main.o
 .debug_macro   0x00000000000129a4      0x15f ./Core/Src/main.o
 .debug_macro   0x0000000000012b03      0x287 ./Core/Src/main.o
 .debug_macro   0x0000000000012d8a       0x5f ./Core/Src/main.o
 .debug_macro   0x0000000000012de9      0x236 ./Core/Src/main.o
 .debug_macro   0x000000000001301f      0x9e1 ./Core/Src/main.o
 .debug_macro   0x0000000000013a00      0x38b ./Core/Src/main.o
 .debug_macro   0x0000000000013d8b      0x176 ./Core/Src/main.o
 .debug_macro   0x0000000000013f01       0xf9 ./Core/Src/main.o
 .debug_macro   0x0000000000013ffa      0x132 ./Core/Src/main.o
 .debug_macro   0x000000000001412c      0x264 ./Core/Src/main.o
 .debug_macro   0x0000000000014390       0x2e ./Core/Src/main.o
 .debug_macro   0x00000000000143be      0x11a ./Core/Src/main.o
 .debug_macro   0x00000000000144d8       0x85 ./Core/Src/main.o
 .debug_macro   0x000000000001455d       0x89 ./Core/Src/main.o
 .debug_macro   0x00000000000145e6      0x295 ./Core/Src/main.o
 .debug_macro   0x000000000001487b      0x126 ./Core/Src/main.o
 .debug_macro   0x00000000000149a1       0x58 ./Core/Src/main.o
 .debug_macro   0x00000000000149f9       0x52 ./Core/Src/main.o
 .debug_macro   0x0000000000014a4b       0x1e ./Core/Src/main.o
 .debug_macro   0x0000000000014a69       0x3c ./Core/Src/main.o
 .debug_macro   0x0000000000014aa5       0x34 ./Core/Src/main.o
 .debug_macro   0x0000000000014ad9       0x16 ./Core/Src/main.o
 .debug_macro   0x0000000000014aef       0x35 ./Core/Src/main.o
 .debug_macro   0x0000000000014b24      0x341 ./Core/Src/main.o
 .debug_macro   0x0000000000014e65       0x10 ./Core/Src/main.o
 .debug_macro   0x0000000000014e75       0x16 ./Core/Src/main.o
 .debug_macro   0x0000000000014e8b       0x43 ./Core/Src/main.o
 .debug_macro   0x0000000000014ece       0x34 ./Core/Src/main.o
 .debug_macro   0x0000000000014f02       0x10 ./Core/Src/main.o
 .debug_macro   0x0000000000014f12       0x58 ./Core/Src/main.o
 .debug_macro   0x0000000000014f6a       0x71 ./Core/Src/main.o
 .debug_macro   0x0000000000014fdb       0x1c ./Core/Src/main.o
 .debug_macro   0x0000000000014ff7      0x12a ./Core/Src/main.o
 .debug_macro   0x0000000000015121       0x10 ./Core/Src/main.o
 .debug_macro   0x0000000000015131       0x1c ./Core/Src/main.o
 .debug_macro   0x000000000001514d       0x52 ./Core/Src/main.o
 .debug_macro   0x000000000001519f       0x22 ./Core/Src/main.o
 .debug_macro   0x00000000000151c1       0x10 ./Core/Src/main.o
 .debug_macro   0x00000000000151d1       0x52 ./Core/Src/main.o
 .debug_macro   0x0000000000015223       0xd5 ./Core/Src/main.o
 .debug_macro   0x00000000000152f8       0x1c ./Core/Src/main.o
 .debug_macro   0x0000000000015314       0x3d ./Core/Src/main.o
 .debug_macro   0x0000000000015351       0x16 ./Core/Src/main.o
 .debug_macro   0x0000000000015367      0x145 ./Core/Src/main.o
 .debug_macro   0x00000000000154ac       0x16 ./Core/Src/main.o
 .debug_macro   0x00000000000154c2       0x20 ./Core/Src/main.o
 .debug_macro   0x00000000000154e2      0x1f1 ./Core/Src/stm32f4xx_hal_msp.o
 .debug_macro   0x00000000000156d3      0x1fb ./Core/Src/stm32f4xx_it.o
 .debug_macro   0x00000000000158ce       0xff ./Core/Src/sysmem.o
 .debug_macro   0x00000000000159cd      0x23b ./Core/Src/sysmem.o
 .debug_macro   0x0000000000015c08      0x1e2 ./Core/Src/system_stm32f4xx.o
 .debug_macro   0x0000000000015dea      0x242 ./Drivers/STM32F4xx_HAL_Driver/Src/stm32f4xx_hal.o
 .debug_macro   0x000000000001602c      0x1e3 ./Drivers/STM32F4xx_HAL_Driver/Src/stm32f4xx_hal_adc.o
 .debug_macro   0x000000000001620f      0x1e2 ./Drivers/STM32F4xx_HAL_Driver/Src/stm32f4xx_hal_cortex.o
 .debug_macro   0x00000000000163f1      0x1e8 ./Drivers/STM32F4xx_HAL_Driver/Src/stm32f4xx_hal_dma.o
 .debug_macro   0x00000000000165d9      0x1e8 ./Drivers/STM32F4xx_HAL_Driver/Src/stm32f4xx_hal_gpio.o
 .debug_macro   0x00000000000167c1      0x206 ./Drivers/STM32F4xx_HAL_Driver/Src/stm32f4xx_hal_rcc.o
 .debug_macro   0x00000000000169c7      0x1e3 ./Drivers/STM32F4xx_HAL_Driver/Src/stm32f4xx_hal_uart.o
 .debug_macro   0x0000000000016baa      0x384 ./Drivers/hw_drivers/bluetooth_drivers/bluetooth_driver.o
 .debug_macro   0x0000000000016f2e       0x97 ./Drivers/hw_drivers/bluetooth_drivers/bluetooth_driver.o
 .debug_macro   0x0000000000016fc5       0xfd ./Drivers/hw_drivers/bluetooth_drivers/bluetooth_driver.o
 .debug_macro   0x00000000000170c2       0x56 ./Drivers/hw_drivers/bluetooth_drivers/bluetooth_driver.o
 .debug_macro   0x0000000000017118      0x200 ./Drivers/hw_drivers/lcd_drivers/LCD16x2.o
 .debug_macro   0x0000000000017318      0x1ec ./Drivers/hw_drivers/lcd_drivers/LCD16x2_cfg.o
 .debug_macro   0x0000000000017504      0x354 ./Drivers/hw_drivers/npk_drivers/npk_driver.o
 .debug_macro   0x0000000000017858      0x1ec ./Drivers/hw_drivers/util/DWT_Delay.o

.debug_line     0x0000000000000000     0xcd20
 .debug_line    0x0000000000000000      0xc96 ./Core/Src/main.o
 .debug_line    0x0000000000000c96      0x842 ./Core/Src/stm32f4xx_hal_msp.o
 .debug_line    0x00000000000014d8      0x7f0 ./Core/Src/stm32f4xx_it.o
 .debug_line    0x0000000000001cc8      0x4e5 ./Core/Src/sysmem.o
 .debug_line    0x00000000000021ad      0x74f ./Core/Src/system_stm32f4xx.o
 .debug_line    0x00000000000028fc       0x88 ./Core/Startup/startup_stm32f401retx.o
 .debug_line    0x0000000000002984      0x9b5 ./Drivers/STM32F4xx_HAL_Driver/Src/stm32f4xx_hal.o
 .debug_line    0x0000000000003339     0x115f ./Drivers/STM32F4xx_HAL_Driver/Src/stm32f4xx_hal_adc.o
 .debug_line    0x0000000000004498      0xc64 ./Drivers/STM32F4xx_HAL_Driver/Src/stm32f4xx_hal_cortex.o
 .debug_line    0x00000000000050fc      0xf19 ./Drivers/STM32F4xx_HAL_Driver/Src/stm32f4xx_hal_dma.o
 .debug_line    0x0000000000006015      0xaed ./Drivers/STM32F4xx_HAL_Driver/Src/stm32f4xx_hal_gpio.o
 .debug_line    0x0000000000006b02      0xd31 ./Drivers/STM32F4xx_HAL_Driver/Src/stm32f4xx_hal_rcc.o
 .debug_line    0x0000000000007833     0x2a5a ./Drivers/STM32F4xx_HAL_Driver/Src/stm32f4xx_hal_uart.o
 .debug_line    0x000000000000a28d      0x984 ./Drivers/hw_drivers/bluetooth_drivers/bluetooth_driver.o
 .debug_line    0x000000000000ac11      0x984 ./Drivers/hw_drivers/lcd_drivers/LCD16x2.o
 .debug_line    0x000000000000b595      0x6c8 ./Drivers/hw_drivers/lcd_drivers/LCD16x2_cfg.o
 .debug_line    0x000000000000bc5d      0x9cf ./Drivers/hw_drivers/npk_drivers/npk_driver.o
 .debug_line    0x000000000000c62c      0x6f4 ./Drivers/hw_drivers/util/DWT_Delay.o

.debug_str      0x0000000000000000    0x913fc
 .debug_str     0x0000000000000000    0x8f0db ./Core/Src/main.o
                                      0x8f407 (size before relaxing)
 .debug_str     0x000000000008f0db       0xda ./Core/Src/stm32f4xx_hal_msp.o
                                      0x8b270 (size before relaxing)
 .debug_str     0x000000000008f1b5      0x14a ./Core/Src/stm32f4xx_it.o
                                      0x8abd2 (size before relaxing)
 .debug_str     0x000000000008f2ff      0x4da ./Core/Src/sysmem.o
                                       0x5de9 (size before relaxing)
 .debug_str     0x000000000008f7d9       0xdb ./Core/Src/system_stm32f4xx.o
                                      0x8a6dd (size before relaxing)
 .debug_str     0x000000000008f8b4       0x36 ./Core/Startup/startup_stm32f401retx.o
                                         0xab (size before relaxing)
 .debug_str     0x000000000008f8ea      0x5f0 ./Drivers/STM32F4xx_HAL_Driver/Src/stm32f4xx_hal.o
                                      0x8b0ff (size before relaxing)
 .debug_str     0x000000000008feda      0x2be ./Drivers/STM32F4xx_HAL_Driver/Src/stm32f4xx_hal_adc.o
                                      0x8acb8 (size before relaxing)
 .debug_str     0x0000000000090198      0x320 ./Drivers/STM32F4xx_HAL_Driver/Src/stm32f4xx_hal_cortex.o
                                      0x8ae20 (size before relaxing)
 .debug_str     0x00000000000904b8      0x2d5 ./Drivers/STM32F4xx_HAL_Driver/Src/stm32f4xx_hal_dma.o
                                      0x8aae5 (size before relaxing)
 .debug_str     0x000000000009078d      0x121 ./Drivers/STM32F4xx_HAL_Driver/Src/stm32f4xx_hal_gpio.o
                                      0x8a858 (size before relaxing)
 .debug_str     0x00000000000908ae      0x233 ./Drivers/STM32F4xx_HAL_Driver/Src/stm32f4xx_hal_rcc.o
                                      0x8ab11 (size before relaxing)
 .debug_str     0x0000000000090ae1      0x5ef ./Drivers/STM32F4xx_HAL_Driver/Src/stm32f4xx_hal_uart.o
                                      0x8b09e (size before relaxing)
 .debug_str     0x00000000000910d0       0x72 ./Drivers/hw_drivers/bluetooth_drivers/bluetooth_driver.o
                                      0x8e992 (size before relaxing)
 .debug_str     0x0000000000091142      0x1db ./Drivers/hw_drivers/lcd_drivers/LCD16x2.o
                                      0x8a90c (size before relaxing)
 .debug_str     0x000000000009131d       0x30 ./Drivers/hw_drivers/lcd_drivers/LCD16x2_cfg.o
                                      0x8a5c5 (size before relaxing)
 .debug_str     0x000000000009134d       0x61 ./Drivers/hw_drivers/npk_drivers/npk_driver.o
                                      0x8e962 (size before relaxing)
 .debug_str     0x00000000000913ae       0x4e ./Drivers/hw_drivers/util/DWT_Delay.o
                                      0x8a603 (size before relaxing)

.comment        0x0000000000000000       0x50
 .comment       0x0000000000000000       0x50 ./Core/Src/main.o
                                         0x51 (size before relaxing)
 .comment       0x0000000000000050       0x51 ./Core/Src/stm32f4xx_hal_msp.o
 .comment       0x0000000000000050       0x51 ./Core/Src/stm32f4xx_it.o
 .comment       0x0000000000000050       0x51 ./Core/Src/sysmem.o
 .comment       0x0000000000000050       0x51 ./Core/Src/system_stm32f4xx.o
 .comment       0x0000000000000050       0x51 ./Drivers/STM32F4xx_HAL_Driver/Src/stm32f4xx_hal.o
 .comment       0x0000000000000050       0x51 ./Drivers/STM32F4xx_HAL_Driver/Src/stm32f4xx_hal_adc.o
 .comment       0x0000000000000050       0x51 ./Drivers/STM32F4xx_HAL_Driver/Src/stm32f4xx_hal_cortex.o
 .comment       0x0000000000000050       0x51 ./Drivers/STM32F4xx_HAL_Driver/Src/stm32f4xx_hal_dma.o
 .comment       0x0000000000000050       0x51 ./Drivers/STM32F4xx_HAL_Driver/Src/stm32f4xx_hal_gpio.o
 .comment       0x0000000000000050       0x51 ./Drivers/STM32F4xx_HAL_Driver/Src/stm32f4xx_hal_rcc.o
 .comment       0x0000000000000050       0x51 ./Drivers/STM32F4xx_HAL_Driver/Src/stm32f4xx_hal_uart.o
 .comment       0x0000000000000050       0x51 ./Drivers/hw_drivers/bluetooth_drivers/bluetooth_driver.o
 .comment       0x0000000000000050       0x51 ./Drivers/hw_drivers/lcd_drivers/LCD16x2.o
 .comment       0x0000000000000050       0x51 ./Drivers/hw_drivers/lcd_drivers/LCD16x2_cfg.o
 .comment       0x0000000000000050       0x51 ./Drivers/hw_drivers/npk_drivers/npk_driver.o
 .comment       0x0000000000000050       0x51 ./Drivers/hw_drivers/util/DWT_Delay.o

.debug_frame    0x0000000000000000     0x264c
 .debug_frame   0x0000000000000000      0x130 ./Core/Src/main.o
 .debug_frame   0x0000000000000130       0xc8 ./Core/Src/stm32f4xx_hal_msp.o
 .debug_frame   0x00000000000001f8      0x174 ./Core/Src/stm32f4xx_it.o
 .debug_frame   0x000000000000036c       0x34 ./Core/Src/sysmem.o
 .debug_frame   0x00000000000003a0       0x58 ./Core/Src/system_stm32f4xx.o
 .debug_frame   0x00000000000003f8      0x374 ./Drivers/STM32F4xx_HAL_Driver/Src/stm32f4xx_hal.o
 .debug_frame   0x000000000000076c      0x3fc ./Drivers/STM32F4xx_HAL_Driver/Src/stm32f4xx_hal_adc.o
 .debug_frame   0x0000000000000b68      0x498 ./Drivers/STM32F4xx_HAL_Driver/Src/stm32f4xx_hal_cortex.o
 .debug_frame   0x0000000000001000      0x250 ./Drivers/STM32F4xx_HAL_Driver/Src/stm32f4xx_hal_dma.o
 .debug_frame   0x0000000000001250      0x14c ./Drivers/STM32F4xx_HAL_Driver/Src/stm32f4xx_hal_gpio.o
 .debug_frame   0x000000000000139c      0x1f4 ./Drivers/STM32F4xx_HAL_Driver/Src/stm32f4xx_hal_rcc.o
 .debug_frame   0x0000000000001590      0x92c ./Drivers/STM32F4xx_HAL_Driver/Src/stm32f4xx_hal_uart.o
 .debug_frame   0x0000000000001ebc       0xa0 ./Drivers/hw_drivers/bluetooth_drivers/bluetooth_driver.o
 .debug_frame   0x0000000000001f5c      0x184 ./Drivers/hw_drivers/lcd_drivers/LCD16x2.o
 .debug_frame   0x00000000000020e0       0x7c ./Drivers/hw_drivers/npk_drivers/npk_driver.o
 .debug_frame   0x000000000000215c       0x30 ./Drivers/hw_drivers/util/DWT_Delay.o
 .debug_frame   0x000000000000218c       0x20 c:/st/stm32cubeide_1.9.0/stm32cubeide/plugins/com.st.stm32cube.ide.mcu.externaltools.gnu-tools-for-stm32.10.3-2021.10.win32_1.0.0.202111181127/tools/bin/../lib/gcc/arm-none-eabi/10.3.1/../../../../arm-none-eabi/lib/thumb/v7e-m+fp/hard\libc_nano.a(lib_a-errno.o)
 .debug_frame   0x00000000000021ac       0x2c c:/st/stm32cubeide_1.9.0/stm32cubeide/plugins/com.st.stm32cube.ide.mcu.externaltools.gnu-tools-for-stm32.10.3-2021.10.win32_1.0.0.202111181127/tools/bin/../lib/gcc/arm-none-eabi/10.3.1/../../../../arm-none-eabi/lib/thumb/v7e-m+fp/hard\libc_nano.a(lib_a-init.o)
 .debug_frame   0x00000000000021d8       0x20 c:/st/stm32cubeide_1.9.0/stm32cubeide/plugins/com.st.stm32cube.ide.mcu.externaltools.gnu-tools-for-stm32.10.3-2021.10.win32_1.0.0.202111181127/tools/bin/../lib/gcc/arm-none-eabi/10.3.1/../../../../arm-none-eabi/lib/thumb/v7e-m+fp/hard\libc_nano.a(lib_a-memset.o)
 .debug_frame   0x00000000000021f8       0x6c c:/st/stm32cubeide_1.9.0/stm32cubeide/plugins/com.st.stm32cube.ide.mcu.externaltools.gnu-tools-for-stm32.10.3-2021.10.win32_1.0.0.202111181127/tools/bin/../lib/gcc/arm-none-eabi/10.3.1/../../../../arm-none-eabi/lib/thumb/v7e-m+fp/hard\libc_nano.a(lib_a-sprintf.o)
 .debug_frame   0x0000000000002264       0x90 c:/st/stm32cubeide_1.9.0/stm32cubeide/plugins/com.st.stm32cube.ide.mcu.externaltools.gnu-tools-for-stm32.10.3-2021.10.win32_1.0.0.202111181127/tools/bin/../lib/gcc/arm-none-eabi/10.3.1/../../../../arm-none-eabi/lib/thumb/v7e-m+fp/hard\libc_nano.a(lib_a-nano-svfprintf.o)
 .debug_frame   0x00000000000022f4       0x60 c:/st/stm32cubeide_1.9.0/stm32cubeide/plugins/com.st.stm32cube.ide.mcu.externaltools.gnu-tools-for-stm32.10.3-2021.10.win32_1.0.0.202111181127/tools/bin/../lib/gcc/arm-none-eabi/10.3.1/../../../../arm-none-eabi/lib/thumb/v7e-m+fp/hard\libc_nano.a(lib_a-nano-vfprintf_i.o)
 .debug_frame   0x0000000000002354       0x28 c:/st/stm32cubeide_1.9.0/stm32cubeide/plugins/com.st.stm32cube.ide.mcu.externaltools.gnu-tools-for-stm32.10.3-2021.10.win32_1.0.0.202111181127/tools/bin/../lib/gcc/arm-none-eabi/10.3.1/../../../../arm-none-eabi/lib/thumb/v7e-m+fp/hard\libc_nano.a(lib_a-memcpy-stub.o)
 .debug_frame   0x000000000000237c       0x28 c:/st/stm32cubeide_1.9.0/stm32cubeide/plugins/com.st.stm32cube.ide.mcu.externaltools.gnu-tools-for-stm32.10.3-2021.10.win32_1.0.0.202111181127/tools/bin/../lib/gcc/arm-none-eabi/10.3.1/../../../../arm-none-eabi/lib/thumb/v7e-m+fp/hard\libc_nano.a(lib_a-memmove.o)
 .debug_frame   0x00000000000023a4       0x38 c:/st/stm32cubeide_1.9.0/stm32cubeide/plugins/com.st.stm32cube.ide.mcu.externaltools.gnu-tools-for-stm32.10.3-2021.10.win32_1.0.0.202111181127/tools/bin/../lib/gcc/arm-none-eabi/10.3.1/../../../../arm-none-eabi/lib/thumb/v7e-m+fp/hard\libc_nano.a(lib_a-nano-freer.o)
 .debug_frame   0x00000000000023dc       0x4c c:/st/stm32cubeide_1.9.0/stm32cubeide/plugins/com.st.stm32cube.ide.mcu.externaltools.gnu-tools-for-stm32.10.3-2021.10.win32_1.0.0.202111181127/tools/bin/../lib/gcc/arm-none-eabi/10.3.1/../../../../arm-none-eabi/lib/thumb/v7e-m+fp/hard\libc_nano.a(lib_a-nano-mallocr.o)
 .debug_frame   0x0000000000002428       0x3c c:/st/stm32cubeide_1.9.0/stm32cubeide/plugins/com.st.stm32cube.ide.mcu.externaltools.gnu-tools-for-stm32.10.3-2021.10.win32_1.0.0.202111181127/tools/bin/../lib/gcc/arm-none-eabi/10.3.1/../../../../arm-none-eabi/lib/thumb/v7e-m+fp/hard\libc_nano.a(lib_a-nano-reallocr.o)
 .debug_frame   0x0000000000002464       0x2c c:/st/stm32cubeide_1.9.0/stm32cubeide/plugins/com.st.stm32cube.ide.mcu.externaltools.gnu-tools-for-stm32.10.3-2021.10.win32_1.0.0.202111181127/tools/bin/../lib/gcc/arm-none-eabi/10.3.1/../../../../arm-none-eabi/lib/thumb/v7e-m+fp/hard\libc_nano.a(lib_a-sbrkr.o)
 .debug_frame   0x0000000000002490       0x30 c:/st/stm32cubeide_1.9.0/stm32cubeide/plugins/com.st.stm32cube.ide.mcu.externaltools.gnu-tools-for-stm32.10.3-2021.10.win32_1.0.0.202111181127/tools/bin/../lib/gcc/arm-none-eabi/10.3.1/../../../../arm-none-eabi/lib/thumb/v7e-m+fp/hard\libc_nano.a(lib_a-mlock.o)
 .debug_frame   0x00000000000024c0       0x20 c:/st/stm32cubeide_1.9.0/stm32cubeide/plugins/com.st.stm32cube.ide.mcu.externaltools.gnu-tools-for-stm32.10.3-2021.10.win32_1.0.0.202111181127/tools/bin/../lib/gcc/arm-none-eabi/10.3.1/../../../../arm-none-eabi/lib/thumb/v7e-m+fp/hard\libc_nano.a(lib_a-nano-msizer.o)
 .debug_frame   0x00000000000024e0       0x5c c:/st/stm32cubeide_1.9.0/stm32cubeide/plugins/com.st.stm32cube.ide.mcu.externaltools.gnu-tools-for-stm32.10.3-2021.10.win32_1.0.0.202111181127/tools/bin/../lib/gcc/arm-none-eabi/10.3.1/../../../../arm-none-eabi/lib/thumb/v7e-m+fp/hard\libc_nano.a(lib_a-reent.o)
 .debug_frame   0x000000000000253c       0xb0 c:/st/stm32cubeide_1.9.0/stm32cubeide/plugins/com.st.stm32cube.ide.mcu.externaltools.gnu-tools-for-stm32.10.3-2021.10.win32_1.0.0.202111181127/tools/bin/../lib/gcc/arm-none-eabi/10.3.1/../../../../arm-none-eabi/lib/thumb/v7e-m+fp/hard\libc_nano.a(lib_a-lock.o)
 .debug_frame   0x00000000000025ec       0x2c c:/st/stm32cubeide_1.9.0/stm32cubeide/plugins/com.st.stm32cube.ide.mcu.externaltools.gnu-tools-for-stm32.10.3-2021.10.win32_1.0.0.202111181127/tools/bin/../lib/gcc/arm-none-eabi/10.3.1/thumb/v7e-m+fp/hard\libgcc.a(_aeabi_uldivmod.o)
 .debug_frame   0x0000000000002618       0x34 c:/st/stm32cubeide_1.9.0/stm32cubeide/plugins/com.st.stm32cube.ide.mcu.externaltools.gnu-tools-for-stm32.10.3-2021.10.win32_1.0.0.202111181127/tools/bin/../lib/gcc/arm-none-eabi/10.3.1/thumb/v7e-m+fp/hard\libgcc.a(_udivmoddi4.o)
