../Drivers/hw_drivers/lcd_drivers/../util/DWT_Delay.h:18:22:DWT_Delay_us	24	static
../Drivers/hw_drivers/lcd_drivers/../util/DWT_Delay.h:27:22:DWT_Delay_ms	24	static
../Drivers/hw_drivers/lcd_drivers/LCD16x2.c:13:6:LCD_DATA	16	static
../Drivers/hw_drivers/lcd_drivers/LCD16x2.c:32:6:LCD_CMD	16	static
../Drivers/hw_drivers/lcd_drivers/LCD16x2.c:44:6:LCD_Clear	8	static
../Drivers/hw_drivers/lcd_drivers/LCD16x2.c:49:6:LCD_Set_Cursor	24	static
../Drivers/hw_drivers/lcd_drivers/LCD16x2.c:70:6:LCD_Init	48	static
../Drivers/hw_drivers/lcd_drivers/LCD16x2.c:118:6:LCD_Write_Char	24	static
../Drivers/hw_drivers/lcd_drivers/LCD16x2.c:138:6:LCD_Write_String	24	static
../Drivers/hw_drivers/lcd_drivers/LCD16x2.c:144:6:LCD_SL	8	static
../Drivers/hw_drivers/lcd_drivers/LCD16x2.c:150:6:LCD_SR	8	static
